
Allocating common symbols
Common symbol       size              file

global_rules_shadow
                    0x630             vmm/guest/obj/kern/libdwarf_frame.o
ismp                0x4               vmm/guest/obj/kern/mpconfig.o
lapicaddr           0x8               vmm/guest/obj/kern/lapic.o
ts                  0x68              vmm/guest/obj/kern/trap.o
end_debug           0x8               vmm/guest/obj/kern/init.o
mydebug             0x60              vmm/guest/obj/kern/kdebug.o
panicstr            0x8               vmm/guest/obj/kern/init.o
boot_cr3            0x8               vmm/guest/obj/kern/pmap.o
mpentry_kstack      0x8               vmm/guest/obj/kern/init.o
cpus                0x220             vmm/guest/obj/kern/mpconfig.o
global_std_op       0x200             vmm/guest/obj/kern/libdwarf_lineno.o
lapic               0x8               vmm/guest/obj/kern/lapic.o
bootcpu             0x8               vmm/guest/obj/kern/mpconfig.o
_cie                0x78              vmm/guest/obj/kern/kdebug.o
global_rules        0x630             vmm/guest/obj/kern/libdwarf_frame.o
boot_pml4e          0x8               vmm/guest/obj/kern/pmap.o
ncpu                0x4               vmm/guest/obj/kern/mpconfig.o
_fde                0x80              vmm/guest/obj/kern/kdebug.o
npages              0x8               vmm/guest/obj/kern/pmap.o
pages               0x8               vmm/guest/obj/kern/pmap.o
percpu_kstacks      0x40000           vmm/guest/obj/kern/mpconfig.o

Discarded input sections

 .note.GNU-stack
                0x0000000000000000        0x0 vmm/guest/obj/kern/init.o
 .eh_frame      0x0000000000000000      0x110 vmm/guest/obj/kern/init.o
 .note.GNU-stack
                0x0000000000000000        0x0 vmm/guest/obj/kern/console.o
 .eh_frame      0x0000000000000000      0x258 vmm/guest/obj/kern/console.o
 .note.GNU-stack
                0x0000000000000000        0x0 vmm/guest/obj/kern/monitor.o
 .eh_frame      0x0000000000000000       0xd8 vmm/guest/obj/kern/monitor.o
 .note.GNU-stack
                0x0000000000000000        0x0 vmm/guest/obj/kern/pmap.o
 .eh_frame      0x0000000000000000      0x440 vmm/guest/obj/kern/pmap.o
 .note.GNU-stack
                0x0000000000000000        0x0 vmm/guest/obj/kern/env.o
 .eh_frame      0x0000000000000000      0x288 vmm/guest/obj/kern/env.o
 .note.GNU-stack
                0x0000000000000000        0x0 vmm/guest/obj/kern/kclock.o
 .eh_frame      0x0000000000000000       0x58 vmm/guest/obj/kern/kclock.o
 .note.GNU-stack
                0x0000000000000000        0x0 vmm/guest/obj/kern/picirq.o
 .eh_frame      0x0000000000000000       0x78 vmm/guest/obj/kern/picirq.o
 .note.GNU-stack
                0x0000000000000000        0x0 vmm/guest/obj/kern/printf.o
 .eh_frame      0x0000000000000000       0x78 vmm/guest/obj/kern/printf.o
 .note.GNU-stack
                0x0000000000000000        0x0 vmm/guest/obj/kern/trap.o
 .eh_frame      0x0000000000000000      0x158 vmm/guest/obj/kern/trap.o
 .note.GNU-stack
                0x0000000000000000        0x0 vmm/guest/obj/kern/sched.o
 .eh_frame      0x0000000000000000       0x98 vmm/guest/obj/kern/sched.o
 .note.GNU-stack
                0x0000000000000000        0x0 vmm/guest/obj/kern/syscall.o
 .eh_frame      0x0000000000000000      0x3a0 vmm/guest/obj/kern/syscall.o
 .note.GNU-stack
                0x0000000000000000        0x0 vmm/guest/obj/kern/kdebug.o
 .eh_frame      0x0000000000000000       0x58 vmm/guest/obj/kern/kdebug.o
 .note.GNU-stack
                0x0000000000000000        0x0 vmm/guest/obj/kern/printfmt.o
 .eh_frame      0x0000000000000000      0x128 vmm/guest/obj/kern/printfmt.o
 .note.GNU-stack
                0x0000000000000000        0x0 vmm/guest/obj/kern/readline.o
 .eh_frame      0x0000000000000000       0x38 vmm/guest/obj/kern/readline.o
 .note.GNU-stack
                0x0000000000000000        0x0 vmm/guest/obj/kern/string.o
 .eh_frame      0x0000000000000000      0x238 vmm/guest/obj/kern/string.o
 .note.GNU-stack
                0x0000000000000000        0x0 vmm/guest/obj/kern/libdwarf_rw.o
 .eh_frame      0x0000000000000000      0x318 vmm/guest/obj/kern/libdwarf_rw.o
 .note.GNU-stack
                0x0000000000000000        0x0 vmm/guest/obj/kern/libdwarf_frame.o
 .eh_frame      0x0000000000000000      0x1e0 vmm/guest/obj/kern/libdwarf_frame.o
 .note.GNU-stack
                0x0000000000000000        0x0 vmm/guest/obj/kern/libdwarf_lineno.o
 .eh_frame      0x0000000000000000       0xa0 vmm/guest/obj/kern/libdwarf_lineno.o
 .note.GNU-stack
                0x0000000000000000        0x0 vmm/guest/obj/kern/elf_rw.o
 .eh_frame      0x0000000000000000       0xd8 vmm/guest/obj/kern/elf_rw.o
 .note.GNU-stack
                0x0000000000000000        0x0 vmm/guest/obj/kern/mpconfig.o
 .eh_frame      0x0000000000000000       0xb8 vmm/guest/obj/kern/mpconfig.o
 .note.GNU-stack
                0x0000000000000000        0x0 vmm/guest/obj/kern/lapic.o
 .eh_frame      0x0000000000000000       0xf8 vmm/guest/obj/kern/lapic.o
 .note.GNU-stack
                0x0000000000000000        0x0 vmm/guest/obj/kern/spinlock.o
 .eh_frame      0x0000000000000000       0xf0 vmm/guest/obj/kern/spinlock.o
 .note.GNU-stack
                0x0000000000000000        0x0 vmm/guest/obj/kern/e1000.o
 .eh_frame      0x0000000000000000       0x78 vmm/guest/obj/kern/e1000.o
 .note.GNU-stack
                0x0000000000000000        0x0 vmm/guest/obj/kern/pci.o
 .eh_frame      0x0000000000000000      0x158 vmm/guest/obj/kern/pci.o
 .note.GNU-stack
                0x0000000000000000        0x0 vmm/guest/obj/kern/time.o
 .eh_frame      0x0000000000000000       0x78 vmm/guest/obj/kern/time.o
 .note.GNU-stack
                0x0000000000000000        0x0 vmm/guest/obj/vmm/ept.o
 .eh_frame      0x0000000000000000      0x1c8 vmm/guest/obj/vmm/ept.o
 .note.GNU-stack
                0x0000000000000000        0x0 vmm/guest/obj/vmm/vmx.o
 .eh_frame      0x0000000000000000      0x3f0 vmm/guest/obj/vmm/vmx.o
 .note.GNU-stack
                0x0000000000000000        0x0 vmm/guest/obj/vmm/vmexits.o
 .eh_frame      0x0000000000000000      0x248 vmm/guest/obj/vmm/vmexits.o

Memory Configuration

Name             Origin             Length             Attributes
*default*        0x0000000000000000 0xffffffffffffffff

Linker script and memory map

                0x0000000000100000                . = 0x100000

.bootstrap      0x0000000000100000     0x7004
 vmm/guest/obj/kern/bootstrap.o(.text .data .bss)
 .text          0x0000000000100000      0x114 vmm/guest/obj/kern/bootstrap.o
                0x0000000000100000                _head64
                0x00000000001000e4                jumpto_longmode
 *fill*         0x0000000000100114      0xeec 
 .data          0x0000000000101000     0x6004 vmm/guest/obj/kern/bootstrap.o
                0x0000000000102000                pml4phys
                0x0000000000107000                multiboot_info
 .bss           0x0000000000107004        0x0 vmm/guest/obj/kern/bootstrap.o
                0x0000008004200000                . = 0x8004200000

.text           0x0000008004200000    0x1eda2 load address 0x0000000000200000
 *(EXCLUDE_FILE(vmm/guest/obj/kern/bootstrap.o) .text .stub .text.* .gnu.linkonce.t.*)
 .text          0x0000008004200000       0x58 vmm/guest/obj/kern/entry.o
                0x000000800420000c                entry
                0x000000000020000c                _start
 .text          0x0000008004200058      0x6c5 vmm/guest/obj/kern/init.o
                0x000000800420009a                vmcall
                0x0000008004200129                i386_init
                0x000000800420042d                mp_main
                0x00000080042004f3                _panic
                0x000000800420062f                _warn
 .text          0x000000800420071d      0xb91 vmm/guest/obj/kern/console.o
                0x00000080042007ae                serial_intr
                0x000000800420102f                kbd_intr
                0x000000800420110c                cons_getc
                0x0000008004201201                cons_init
                0x000000800420125b                cputchar
                0x000000800420127a                getchar
                0x000000800420129c                iscons
 .text          0x00000080042012ae      0x8b3 vmm/guest/obj/kern/monitor.o
                0x00000080042012ae                mon_help
                0x0000008004201348                mon_kerninfo
                0x00000080042014dc                mon_backtrace
                0x0000008004201ac0                monitor
 .text          0x0000008004201b61     0x61b7 vmm/guest/obj/kern/pmap.o
                0x000000800420268f                x64_vm_init
                0x0000008004202c4b                page_init
                0x0000008004202efc                page_alloc
                0x0000008004202faf                page_free
                0x0000008004203031                page_decref
                0x0000008004203073                pml4e_walk
                0x00000080042032f2                pdpe_walk
                0x0000008004203571                pgdir_walk
                0x0000008004203a7d                page_insert
                0x0000008004203df1                page_lookup
                0x0000008004203e7c                page_remove
                0x0000008004203ef0                tlb_invalidate
                0x0000008004203fc0                mmio_map_region
                0x00000080042040af                user_mem_check
                0x00000080042041c8                user_mem_assert
 .text          0x0000008004207d18     0x1c6f vmm/guest/obj/kern/env.o
                0x0000008004207e7e                envid2env
                0x0000008004207fde                env_init
                0x00000080042080ac                env_init_percpu
                0x0000008004208215                env_guest_alloc
                0x00000080042086af                env_guest_free
                0x00000080042089f7                env_alloc
                0x0000008004208c94                load_icode
                0x0000008004209065                env_create
                0x000000800420910e                env_free
                0x000000800420959f                env_destroy
                0x000000800420968e                env_pop_tf
                0x000000800420976a                env_run
 .text          0x0000008004209987       0x7d vmm/guest/obj/kern/kclock.o
                0x0000008004209987                mc146818_read
                0x00000080042099c3                mc146818_write
 .text          0x0000008004209a04      0x277 vmm/guest/obj/kern/picirq.o
                0x0000008004209a04                pic_init
                0x0000008004209b57                irq_setmask_8259A
                0x0000008004209c4a                irq_eoi
 .text          0x0000008004209c7b      0x166 vmm/guest/obj/kern/printf.o
                0x0000008004209caa                vcprintf
                0x0000008004209d09                cprintf
 .text          0x0000008004209de1     0x3a7e vmm/guest/obj/kern/trap.o
                0x0000008004209e82                trap_init
                0x000000800420c598                trap_init_percpu
                0x000000800420ca15                print_trapframe
                0x000000800420cd27                print_regs
                0x000000800420d190                trap
                0x000000800420d4ed                page_fault_handler
 *fill*         0x000000800420d85f        0x1 
 .text          0x000000800420d860      0x172 vmm/guest/obj/kern/trapentry.o
                0x000000800420d860                Xdivide
                0x000000800420d86a                Xdebug
                0x000000800420d874                Xnmi
                0x000000800420d87e                Xbrkpt
                0x000000800420d888                Xoflow
                0x000000800420d892                Xbound
                0x000000800420d89c                Xillop
                0x000000800420d8a6                Xdevice
                0x000000800420d8b0                Xdblflt
                0x000000800420d8b8                Xtss
                0x000000800420d8c0                Xsegnp
                0x000000800420d8c8                Xstack
                0x000000800420d8d0                Xgpflt
                0x000000800420d8d8                Xpgflt
                0x000000800420d8e0                Xfperr
                0x000000800420d8e6                Xalign
                0x000000800420d8ea                Xmchk
                0x000000800420d8f0                Xirq0
                0x000000800420d8f6                Xirq1
                0x000000800420d8fc                Xirq2
                0x000000800420d902                Xirq3
                0x000000800420d908                Xirq4
                0x000000800420d90e                Xirq5
                0x000000800420d914                Xirq6
                0x000000800420d91a                Xirq7
                0x000000800420d920                Xirq8
                0x000000800420d926                Xirq9
                0x000000800420d92c                Xirq10
                0x000000800420d932                Xirq11
                0x000000800420d938                Xirq12
                0x000000800420d93e                Xirq13
                0x000000800420d944                Xirq14
                0x000000800420d94a                Xirq15
                0x000000800420d950                Xsyscall
                0x000000800420d956                Xdefault
                0x000000800420d960                _alltraps
 .text          0x000000800420d9d2      0x42f vmm/guest/obj/kern/sched.o
                0x000000800420da16                sched_yield
                0x000000800420dbff                sched_halt
 .text          0x000000800420de01     0x16ff vmm/guest/obj/kern/syscall.o
                0x000000800420f1f3                syscall
 .text          0x000000800420f500      0xbe0 vmm/guest/obj/kern/kdebug.o
                0x000000800420f500                list_func_die
                0x000000800420fc26                debuginfo_rip
 .text          0x00000080042100e0      0xa4c vmm/guest/obj/kern/printfmt.o
                0x00000080042103a6                vprintfmt
                0x00000080042108ac                printfmt
                0x00000080042109ae                vsnprintf
                0x0000008004210a4b                snprintf
 .text          0x0000008004210b2c      0x159 vmm/guest/obj/kern/readline.o
                0x0000008004210b2c                readline
 .text          0x0000008004210c85      0x7cc vmm/guest/obj/kern/string.o
                0x0000008004210c85                strlen
                0x0000008004210cb3                strnlen
                0x0000008004210cf1                strcpy
                0x0000008004210d34                strcat
                0x0000008004210d83                strncpy
                0x0000008004210de3                strlcpy
                0x0000008004210e53                strcmp
                0x0000008004210ea6                strncmp
                0x0000008004210f17                strchr
                0x0000008004210f53                strfind
                0x0000008004210f8b                memset
                0x0000008004211016                memmove
                0x000000800421112d                memcpy
                0x0000008004211161                memcmp
                0x00000080042111d5                memfind
                0x0000008004211225                strtol
                0x00000080042113b6                strstr
 .text          0x0000008004211451     0x1e8a vmm/guest/obj/kern/libdwarf_rw.o
                0x0000008004211451                _dwarf_read_lsb
                0x000000800421157d                _dwarf_decode_lsb
                0x000000800421169e                _dwarf_read_msb
                0x0000008004211850                _dwarf_decode_msb
                0x00000080042119ff                _dwarf_read_sleb128
                0x0000008004211aa3                _dwarf_read_uleb128
                0x0000008004211b22                _dwarf_decode_sleb128
                0x0000008004211bb4                _dwarf_decode_uleb128
                0x0000008004211c21                _dwarf_read_string
                0x0000008004211cb0                _dwarf_read_block
                0x0000008004211cf9                _dwarf_elf_get_byte_order
                0x0000008004211d67                _dwarf_elf_get_pointer_size
                0x0000008004211dd1                _dwarf_init
                0x0000008004211ead                _get_next_cu
                0x000000800421204e                print_cu
                0x0000008004212086                _dwarf_abbrev_parse
                0x0000008004212309                _dwarf_abbrev_find
                0x0000008004212413                _dwarf_attr_init
                0x0000008004212aab                dwarf_search_die_within_cu
                0x0000008004212d87                dwarf_offdie
                0x0000008004212e69                _dwarf_attr_find
                0x0000008004212efc                dwarf_siblingof
                0x00000080042130fe                dwarf_child
                0x000000800421327e                _dwarf_find_section_enhanced
 .text          0x00000080042132db     0x25e1 vmm/guest/obj/kern/libdwarf_frame.o
                0x00000080042132db                _dwarf_frame_params_init
                0x000000800421331c                dwarf_get_fde_at_pc
                0x00000080042133ec                _dwarf_frame_regtable_copy
                0x00000080042143a0                _dwarf_frame_get_internal_table
                0x000000800421460c                dwarf_get_fde_info_for_all_regs
                0x0000008004215525                _dwarf_frame_interal_table_init
                0x00000080042157e4                dwarf_set_frame_cfa_value
                0x0000008004215814                dwarf_init_eh_section
 .text          0x00000080042158bc      0xce0 vmm/guest/obj/kern/libdwarf_lineno.o
                0x0000008004215eab                _dwarf_lineno_init
                0x0000008004216421                dwarf_srclines
 .text          0x000000800421659c      0xd1c vmm/guest/obj/kern/elf_rw.o
                0x000000800421659c                _dwarf_find_section
                0x000000800421661c                find_debug_sections
                0x00000080042168e6                read_section_headers
                0x000000800421702b                readseg
                0x0000008004217190                waitdisk
                0x00000080042171bd                readsect
 .text          0x00000080042172b8       0xe7 vmm/guest/obj/kern/mpentry.o
                0x00000080042172b8                mpentry_start
                0x000000800421739e                mpentry_end
 .text          0x000000800421739f      0x8ef vmm/guest/obj/kern/mpconfig.o
                0x0000008004217877                mp_init
 .text          0x0000008004217c8e      0x47d vmm/guest/obj/kern/lapic.o
                0x0000008004217cd1                lapic_init
                0x0000008004217ecd                cpunum
                0x0000008004217f02                lapic_eoi
                0x0000008004217f3f                lapic_startap
                0x00000080042180c3                lapic_ipi
 .text          0x000000800421810b      0x477 vmm/guest/obj/kern/spinlock.o
                0x0000008004218229                __spin_initlock
                0x000000800421825e                spin_lock
                0x0000008004218334                spin_unlock
 .text          0x0000008004218582      0x6a3 vmm/guest/obj/kern/e1000.o
                0x0000008004218582                e1000_attach
                0x0000008004218913                e1000_transmit
                0x0000008004218a93                e1000_receive
 .text          0x0000008004218c25      0xafe vmm/guest/obj/kern/pci.o
                0x0000008004219463                pci_func_enable
                0x00000080042196e7                pci_init
 .text          0x0000008004219723       0xa5 vmm/guest/obj/kern/time.o
                0x0000008004219723                time_init
                0x000000800421973a                time_tick
                0x00000080042197ad                time_msec
 .text          0x00000080042197c8      0x7e7 vmm/guest/obj/vmm/ept.o
                0x00000080042199cc                ept_gpa2hva
                0x0000008004219c85                free_guest_mem
                0x0000008004219cba                ept_page_insert
                0x0000008004219d9c                ept_map_hva2gpa
                0x0000008004219e8b                ept_alloc_static
 .text          0x0000008004219faf     0x3f6f vmm/guest/obj/vmm/vmx.o
                0x000000800421a17b                vmx_list_vms
                0x000000800421a23c                vmx_sel_resume
                0x000000800421a312                vmx_check_support
                0x000000800421a348                vmx_check_ept
                0x000000800421a3cb                check_fixed_bits
                0x000000800421a494                vmx_init_vmcs
                0x000000800421a59a                vmx_init_vmxon
                0x000000800421aa41                vmcs_host_init
                0x000000800421ae10                vmcs_guest_init
                0x000000800421b61f                vmx_read_capability_msr
                0x000000800421bce8                vmcs_dump_cpu
                0x000000800421bf55                vmcs_dump_cpu_1
                0x000000800421d18f                vmexit
                0x000000800421d774                asm_vmrun
                0x000000800421da09                msr_setup
                0x000000800421db1a                bitmap_setup
                0x000000800421dc5d                vmx_vmrun
 .text          0x000000800421df1e      0xe84 vmm/guest/obj/vmm/vmexits.o
                0x000000800421e0ae                vmx_get_vmdisk_number
                0x000000800421e0c0                vmx_incr_vmdisk_number
                0x000000800421e0e2                find_msr_in_region
                0x000000800421e139                handle_interrupt_window
                0x000000800421e1ba                handle_interrupts
                0x000000800421e267                handle_rdmsr
                0x000000800421e376                handle_wrmsr
                0x000000800421e4e0                handle_eptviolation
                0x000000800421e6d2                handle_ioinstr
                0x000000800421e8ac                handle_cpuid
                0x000000800421e979                handle_vmcall
                0x000000800421eda2                PROVIDE (etext, .)

.iplt           0x000000800421edb0        0x0 load address 0x000000000021edb0
 .iplt          0x000000800421edb0        0x0 vmm/guest/obj/kern/bootstrap.o

.rodata         0x000000800421edc0     0x3bd8 load address 0x000000000021edc0
 *(EXCLUDE_FILE(vmm/guest/obj/kern/bootstrap.o) .rodata .rodata.* .gnu.linkonce.r.*)
 .rodata        0x000000800421edc0       0xee vmm/guest/obj/kern/init.o
 .rodata        0x000000800421eeae       0x36 vmm/guest/obj/kern/console.o
 *fill*         0x000000800421eee4        0x4 
 .rodata        0x000000800421eee8      0x2d9 vmm/guest/obj/kern/monitor.o
 *fill*         0x000000800421f1c1        0x7 
 .rodata        0x000000800421f1c8      0xf2c vmm/guest/obj/kern/pmap.o
 *fill*         0x00000080042200f4        0x4 
 .rodata        0x00000080042200f8      0x1dd vmm/guest/obj/kern/env.o
 .rodata        0x00000080042202d5       0x1a vmm/guest/obj/kern/picirq.o
 *fill*         0x00000080042202ef       0x11 
 .rodata        0x0000008004220300      0x4a0 vmm/guest/obj/kern/trap.o
 .rodata        0x00000080042207a0       0x61 vmm/guest/obj/kern/sched.o
 *fill*         0x0000008004220801        0x7 
 .rodata        0x0000008004220808      0x278 vmm/guest/obj/kern/syscall.o
 .rodata        0x0000008004220a80      0x378 vmm/guest/obj/kern/kdebug.o
 *fill*         0x0000008004220df8        0x8 
 .rodata        0x0000008004220e00      0x4c8 vmm/guest/obj/kern/printfmt.o
 .rodata        0x00000080042212c8       0x13 vmm/guest/obj/kern/readline.o
 *fill*         0x00000080042212db        0x5 
 .rodata        0x00000080042212e0      0x1ab vmm/guest/obj/kern/libdwarf_rw.o
 *fill*         0x000000800422148b        0x5 
 .rodata        0x0000008004221490      0x1d8 vmm/guest/obj/kern/libdwarf_frame.o
 .rodata        0x0000008004221668       0xc3 vmm/guest/obj/kern/libdwarf_lineno.o
 .rodata        0x000000800422172b       0xa4 vmm/guest/obj/kern/elf_rw.o
 *fill*         0x00000080042217cf        0x1 
 .rodata        0x00000080042217d0      0x289 vmm/guest/obj/kern/mpconfig.o
 *fill*         0x0000008004221a59        0x7 
 .rodata        0x0000008004221a60       0x30 vmm/guest/obj/kern/lapic.o
 .rodata        0x0000008004221a90       0xf1 vmm/guest/obj/kern/spinlock.o
 *fill*         0x0000008004221b81        0x7 
 .rodata        0x0000008004221b88       0x87 vmm/guest/obj/kern/e1000.o
 *fill*         0x0000008004221c0f        0x1 
 .rodata        0x0000008004221c10      0x287 vmm/guest/obj/kern/pci.o
 .rodata        0x0000008004221e97       0x27 vmm/guest/obj/kern/time.o
 *fill*         0x0000008004221ebe        0x2 
 .rodata        0x0000008004221ec0       0x9c vmm/guest/obj/vmm/ept.o
 *fill*         0x0000008004221f5c        0x4 
 .rodata        0x0000008004221f60      0x8bf vmm/guest/obj/vmm/vmx.o
 *fill*         0x000000800422281f        0x1 
 .rodata        0x0000008004222820      0x178 vmm/guest/obj/vmm/vmexits.o

.rela.dyn       0x0000008004222998        0x0 load address 0x0000000000222998
 .rela.iplt     0x0000008004222998        0x0 vmm/guest/obj/kern/bootstrap.o
 .rela.text     0x0000008004222998        0x0 vmm/guest/obj/kern/bootstrap.o
 .rela.data     0x0000008004222998        0x0 vmm/guest/obj/kern/bootstrap.o
                0x0000008004223000                . = ALIGN (0x1000)

.data           0x0000008004223000   0x2b91f0 load address 0x0000000000223000
 *(EXCLUDE_FILE(vmm/guest/obj/kern/bootstrap.o) .data)
 .data          0x0000008004223000    0x10042 vmm/guest/obj/kern/entry.o
                0x0000008004223000                bootstack
                0x0000008004233000                kernel_64
                0x0000008004233000                bootstacktop
                0x0000008004233038                gdtdesc_64
 .data          0x0000008004233042        0x0 vmm/guest/obj/kern/init.o
 *fill*         0x0000008004233042       0x1e 
 .data          0x0000008004233060      0x520 vmm/guest/obj/kern/console.o
 .data          0x0000008004233580       0x60 vmm/guest/obj/kern/monitor.o
 .data          0x00000080042335e0        0x8 vmm/guest/obj/kern/pmap.o
 *fill*         0x00000080042335e8       0x18 
 .data          0x0000008004233600       0x72 vmm/guest/obj/kern/env.o
                0x0000008004233600                gdt
                0x0000008004233668                gdt_pd
 .data          0x0000008004233672        0x0 vmm/guest/obj/kern/kclock.o
 .data          0x0000008004233672        0x2 vmm/guest/obj/kern/picirq.o
                0x0000008004233672                irq_mask_8259A
 .data          0x0000008004233674        0x0 vmm/guest/obj/kern/printf.o
 .data          0x0000008004233674        0x0 vmm/guest/obj/kern/trap.o
 .data          0x0000008004233674        0x0 vmm/guest/obj/kern/trapentry.o
 .data          0x0000008004233674        0x0 vmm/guest/obj/kern/sched.o
 .data          0x0000008004233674        0x0 vmm/guest/obj/kern/syscall.o
 *fill*         0x0000008004233674        0x4 
 .data          0x0000008004233678       0x18 vmm/guest/obj/kern/kdebug.o
                0x0000008004233678                fde
                0x0000008004233680                cie
                0x0000008004233688                dbg
 .data          0x0000008004233690        0x0 vmm/guest/obj/kern/printfmt.o
 .data          0x0000008004233690        0x0 vmm/guest/obj/kern/readline.o
 .data          0x0000008004233690        0x0 vmm/guest/obj/kern/string.o
 .data          0x0000008004233690        0x0 vmm/guest/obj/kern/libdwarf_rw.o
 *fill*         0x0000008004233690       0x10 
 .data          0x00000080042336a0       0x20 vmm/guest/obj/kern/libdwarf_frame.o
                0x00000080042336a0                debug_frame_sec
 .data          0x00000080042336c0        0x0 vmm/guest/obj/kern/libdwarf_lineno.o
 .data          0x00000080042336c0       0xa0 vmm/guest/obj/kern/elf_rw.o
                0x00000080042336c0                section_info
 .data          0x0000008004233760        0x0 vmm/guest/obj/kern/mpentry.o
 .data          0x0000008004233760        0x0 vmm/guest/obj/kern/mpconfig.o
 .data          0x0000008004233760        0x0 vmm/guest/obj/kern/lapic.o
 .data          0x0000008004233760       0x68 vmm/guest/obj/kern/spinlock.o
                0x0000008004233760                kernel_lock
 .data          0x00000080042337c8        0x0 vmm/guest/obj/kern/e1000.o
 *fill*         0x00000080042337c8       0x18 
 .data          0x00000080042337e0       0x98 vmm/guest/obj/kern/pci.o
                0x0000008004233800                pci_attach_class
                0x0000008004233820                pci_attach_vendor
 .data          0x0000008004233878        0x0 vmm/guest/obj/kern/time.o
 .data          0x0000008004233878        0x0 vmm/guest/obj/vmm/ept.o
 .data          0x0000008004233878        0x0 vmm/guest/obj/vmm/vmx.o
 .data          0x0000008004233878        0x0 vmm/guest/obj/vmm/vmexits.o
 .data          0x0000008004233878    0x16110 vmm/guest/obj/user/hello
                0x0000008004233878                _binary_vmm_guest_obj_user_hello_start
                0x0000008004249988                _binary_vmm_guest_obj_user_hello_end
 .data          0x0000008004249988    0x15be8 vmm/guest/obj/user/idle
                0x0000008004249988                _binary_vmm_guest_obj_user_idle_start
                0x000000800425f570                _binary_vmm_guest_obj_user_idle_end
 .data          0x000000800425f570    0x17538 vmm/guest/obj/user/testfile
                0x000000800425f570                _binary_vmm_guest_obj_user_testfile_start
                0x0000008004276aa8                _binary_vmm_guest_obj_user_testfile_end
 .data          0x0000008004276aa8    0x15c78 vmm/guest/obj/user/writemotd
                0x0000008004276aa8                _binary_vmm_guest_obj_user_writemotd_start
                0x000000800428c720                _binary_vmm_guest_obj_user_writemotd_end
 .data          0x000000800428c720    0x18690 vmm/guest/obj/user/spawnhello
                0x000000800428c720                _binary_vmm_guest_obj_user_spawnhello_start
                0x00000080042a4db0                _binary_vmm_guest_obj_user_spawnhello_end
 .data          0x00000080042a4db0    0x181d8 vmm/guest/obj/user/icode
                0x00000080042a4db0                _binary_vmm_guest_obj_user_icode_start
                0x00000080042bcf88                _binary_vmm_guest_obj_user_icode_end
 .data          0x00000080042bcf88    0x284f0 vmm/guest/obj/fs/fs
                0x00000080042bcf88                _binary_vmm_guest_obj_fs_fs_start
                0x00000080042e5478                _binary_vmm_guest_obj_fs_fs_end
 .data          0x00000080042e5478    0x15e18 vmm/guest/obj/user/testtime
                0x00000080042e5478                _binary_vmm_guest_obj_user_testtime_start
                0x00000080042fb290                _binary_vmm_guest_obj_user_testtime_end
 .data          0x00000080042fb290    0x1a318 vmm/guest/obj/user/httpd
                0x00000080042fb290                _binary_vmm_guest_obj_user_httpd_start
                0x00000080043155a8                _binary_vmm_guest_obj_user_httpd_end
 .data          0x00000080043155a8    0x17b60 vmm/guest/obj/user/echosrv
                0x00000080043155a8                _binary_vmm_guest_obj_user_echosrv_start
                0x000000800432d108                _binary_vmm_guest_obj_user_echosrv_end
 .data          0x000000800432d108    0x17a98 vmm/guest/obj/user/echotest
                0x000000800432d108                _binary_vmm_guest_obj_user_echotest_start
                0x0000008004344ba0                _binary_vmm_guest_obj_user_echotest_end
 .data          0x0000008004344ba0    0x195a8 vmm/guest/obj/net/testoutput
                0x0000008004344ba0                _binary_vmm_guest_obj_net_testoutput_start
                0x000000800435e148                _binary_vmm_guest_obj_net_testoutput_end
 .data          0x000000800435e148    0x1b608 vmm/guest/obj/net/testinput
                0x000000800435e148                _binary_vmm_guest_obj_net_testinput_start
                0x0000008004379750                _binary_vmm_guest_obj_net_testinput_end
 .data          0x0000008004379750    0x651d8 vmm/guest/obj/net/ns
                0x0000008004379750                _binary_vmm_guest_obj_net_ns_start
                0x00000080043de928                _binary_vmm_guest_obj_net_ns_end
 .data          0x00000080043de928    0x1af98 vmm/guest/obj/user/testpteshare
                0x00000080043de928                _binary_vmm_guest_obj_user_testpteshare_start
                0x00000080043f98c0                _binary_vmm_guest_obj_user_testpteshare_end
 .data          0x00000080043f98c0    0x189e8 vmm/guest/obj/user/testfdsharing
                0x00000080043f98c0                _binary_vmm_guest_obj_user_testfdsharing_start
                0x00000080044122a8                _binary_vmm_guest_obj_user_testfdsharing_end
 .data          0x00000080044122a8    0x18ed0 vmm/guest/obj/user/testpipe
                0x00000080044122a8                _binary_vmm_guest_obj_user_testpipe_start
                0x000000800442b178                _binary_vmm_guest_obj_user_testpipe_end
 .data          0x000000800442b178    0x187c8 vmm/guest/obj/user/testpiperace
                0x000000800442b178                _binary_vmm_guest_obj_user_testpiperace_start
                0x0000008004443940                _binary_vmm_guest_obj_user_testpiperace_end
 .data          0x0000008004443940    0x187a8 vmm/guest/obj/user/testpiperace2
                0x0000008004443940                _binary_vmm_guest_obj_user_testpiperace2_start
                0x000000800445c0e8                _binary_vmm_guest_obj_user_testpiperace2_end
 .data          0x000000800445c0e8    0x18260 vmm/guest/obj/user/primespipe
                0x000000800445c0e8                _binary_vmm_guest_obj_user_primespipe_start
                0x0000008004474348                _binary_vmm_guest_obj_user_primespipe_end
 .data          0x0000008004474348    0x16790 vmm/guest/obj/user/testkbd
                0x0000008004474348                _binary_vmm_guest_obj_user_testkbd_start
                0x000000800448aad8                _binary_vmm_guest_obj_user_testkbd_end
 .data          0x000000800448aad8    0x1b020 vmm/guest/obj/user/testshell
                0x000000800448aad8                _binary_vmm_guest_obj_user_testshell_start
                0x00000080044a5af8                _binary_vmm_guest_obj_user_testshell_end
 .data          0x00000080044a5af8    0x186f8 vmm/guest/obj/user/vmm
                0x00000080044a5af8                _binary_vmm_guest_obj_user_vmm_start
                0x00000080044be1f0                _binary_vmm_guest_obj_user_vmm_end
 .data          0x00000080044be1f0    0x1e000 vmm/guest/obj/user/sh
                0x00000080044be1f0                _binary_vmm_guest_obj_user_sh_start
                0x00000080044dc1f0                _binary_vmm_guest_obj_user_sh_end
                0x00000080044dc1f0                PROVIDE (edata, .)

.igot.plt       0x00000080044dc1f0        0x0 load address 0x00000000004dc1f0
 .igot.plt      0x00000080044dc1f0        0x0 vmm/guest/obj/kern/bootstrap.o

.bss            0x00000080044dd000   0x242010 load address 0x00000000004dd000
 *(EXCLUDE_FILE(vmm/guest/obj/kern/bootstrap.o) .bss)
 .bss           0x00000080044dd000        0x0 vmm/guest/obj/kern/entry.o
 .bss           0x00000080044dd000        0x0 vmm/guest/obj/kern/init.o
 .bss           0x00000080044dd000      0x22c vmm/guest/obj/kern/console.o
 .bss           0x00000080044dd22c        0x0 vmm/guest/obj/kern/monitor.o
 *fill*         0x00000080044dd22c        0x4 
 .bss           0x00000080044dd230       0x20 vmm/guest/obj/kern/pmap.o
 .bss           0x00000080044dd250       0x18 vmm/guest/obj/kern/env.o
                0x00000080044dd250                vcpu_count
                0x00000080044dd258                envs
 .bss           0x00000080044dd268        0x0 vmm/guest/obj/kern/kclock.o
 .bss           0x00000080044dd268        0x1 vmm/guest/obj/kern/picirq.o
 .bss           0x00000080044dd269        0x0 vmm/guest/obj/kern/printf.o
 *fill*         0x00000080044dd269       0x17 
 .bss           0x00000080044dd280     0x1018 vmm/guest/obj/kern/trap.o
                0x00000080044dd280                idt
                0x00000080044de280                idt_pd
 .bss           0x00000080044de298        0x0 vmm/guest/obj/kern/trapentry.o
 .bss           0x00000080044de298        0x0 vmm/guest/obj/kern/sched.o
 .bss           0x00000080044de298        0x0 vmm/guest/obj/kern/syscall.o
 .bss           0x00000080044de298        0x8 vmm/guest/obj/kern/kdebug.o
 .bss           0x00000080044de2a0        0x0 vmm/guest/obj/kern/printfmt.o
 .bss           0x00000080044de2a0      0x400 vmm/guest/obj/kern/readline.o
 .bss           0x00000080044de6a0        0x0 vmm/guest/obj/kern/string.o
 .bss           0x00000080044de6a0        0x0 vmm/guest/obj/kern/libdwarf_rw.o
 .bss           0x00000080044de6a0       0x68 vmm/guest/obj/kern/libdwarf_frame.o
                0x00000080044de6a0                global_rt_table
                0x00000080044de6e0                global_rt_table_shadow
 .bss           0x00000080044de708        0x0 vmm/guest/obj/kern/libdwarf_lineno.o
 .bss           0x00000080044de708        0x0 vmm/guest/obj/kern/elf_rw.o
 .bss           0x00000080044de708        0x0 vmm/guest/obj/kern/mpentry.o
 .bss           0x00000080044de708        0x0 vmm/guest/obj/kern/mpconfig.o
 .bss           0x00000080044de708        0x0 vmm/guest/obj/kern/lapic.o
 .bss           0x00000080044de708        0x0 vmm/guest/obj/kern/spinlock.o
 *fill*         0x00000080044de708       0x18 
 .bss           0x00000080044de720   0x1fde80 vmm/guest/obj/kern/e1000.o
 .bss           0x00000080046dc5a0       0x20 vmm/guest/obj/kern/pci.o
 .bss           0x00000080046dc5c0        0x4 vmm/guest/obj/kern/time.o
 .bss           0x00000080046dc5c4        0x0 vmm/guest/obj/vmm/ept.o
 .bss           0x00000080046dc5c4        0x4 vmm/guest/obj/vmm/vmx.o
 .bss           0x00000080046dc5c8        0x8 vmm/guest/obj/vmm/vmexits.o
 COMMON         0x00000080046dc5d0       0x18 vmm/guest/obj/kern/init.o
                0x00000080046dc5d0                end_debug
                0x00000080046dc5d8                panicstr
                0x00000080046dc5e0                mpentry_kstack
 COMMON         0x00000080046dc5e8       0x20 vmm/guest/obj/kern/pmap.o
                0x00000080046dc5e8                boot_cr3
                0x00000080046dc5f0                boot_pml4e
                0x00000080046dc5f8                npages
                0x00000080046dc600                pages
 *fill*         0x00000080046dc608       0x18 
 COMMON         0x00000080046dc620       0x68 vmm/guest/obj/kern/trap.o
                0x00000080046dc620                ts
 *fill*         0x00000080046dc688       0x18 
 COMMON         0x00000080046dc6a0      0x160 vmm/guest/obj/kern/kdebug.o
                0x00000080046dc6a0                mydebug
                0x00000080046dc700                _cie
                0x00000080046dc780                _fde
 COMMON         0x00000080046dc800      0xc70 vmm/guest/obj/kern/libdwarf_frame.o
                0x00000080046dc800                global_rules_shadow
                0x00000080046dce40                global_rules
 *fill*         0x00000080046dd470       0x10 
 COMMON         0x00000080046dd480      0x200 vmm/guest/obj/kern/libdwarf_lineno.o
                0x00000080046dd480                global_std_op
 *fill*         0x00000080046dd680      0x980 
 COMMON         0x00000080046de000    0x41000 vmm/guest/obj/kern/mpconfig.o
                0x00000080046de000                ismp
                0x00000080046de020                cpus
                0x00000080046de240                bootcpu
                0x00000080046de248                ncpu
                0x00000080046df000                percpu_kstacks
 COMMON         0x000000800471f000       0x10 vmm/guest/obj/kern/lapic.o
                0x000000800471f000                lapicaddr
                0x000000800471f008                lapic
                0x000000800471f010                PROVIDE (end, .)

.debug
 *(.debug)

.line
 *(.line)

.debug_srcinfo
 *(.debug_srcinfo)

.debug_sfnames
 *(.debug_sfnames)

.debug_aranges  0x0000000000000000      0x600
 *(.debug_aranges)
 .debug_aranges
                0x0000000000000000       0x30 vmm/guest/obj/kern/bootstrap.o
 .debug_aranges
                0x0000000000000030       0x30 vmm/guest/obj/kern/entry.o
 .debug_aranges
                0x0000000000000060       0x30 vmm/guest/obj/kern/init.o
 .debug_aranges
                0x0000000000000090       0x30 vmm/guest/obj/kern/console.o
 .debug_aranges
                0x00000000000000c0       0x30 vmm/guest/obj/kern/monitor.o
 .debug_aranges
                0x00000000000000f0       0x30 vmm/guest/obj/kern/pmap.o
 .debug_aranges
                0x0000000000000120       0x30 vmm/guest/obj/kern/env.o
 .debug_aranges
                0x0000000000000150       0x30 vmm/guest/obj/kern/kclock.o
 .debug_aranges
                0x0000000000000180       0x30 vmm/guest/obj/kern/picirq.o
 .debug_aranges
                0x00000000000001b0       0x30 vmm/guest/obj/kern/printf.o
 .debug_aranges
                0x00000000000001e0       0x30 vmm/guest/obj/kern/trap.o
 .debug_aranges
                0x0000000000000210       0x30 vmm/guest/obj/kern/trapentry.o
 .debug_aranges
                0x0000000000000240       0x30 vmm/guest/obj/kern/sched.o
 .debug_aranges
                0x0000000000000270       0x30 vmm/guest/obj/kern/syscall.o
 .debug_aranges
                0x00000000000002a0       0x30 vmm/guest/obj/kern/kdebug.o
 .debug_aranges
                0x00000000000002d0       0x30 vmm/guest/obj/kern/printfmt.o
 .debug_aranges
                0x0000000000000300       0x30 vmm/guest/obj/kern/readline.o
 .debug_aranges
                0x0000000000000330       0x30 vmm/guest/obj/kern/string.o
 .debug_aranges
                0x0000000000000360       0x30 vmm/guest/obj/kern/libdwarf_rw.o
 .debug_aranges
                0x0000000000000390       0x30 vmm/guest/obj/kern/libdwarf_frame.o
 .debug_aranges
                0x00000000000003c0       0x30 vmm/guest/obj/kern/libdwarf_lineno.o
 .debug_aranges
                0x00000000000003f0       0x30 vmm/guest/obj/kern/elf_rw.o
 .debug_aranges
                0x0000000000000420       0x30 vmm/guest/obj/kern/mpentry.o
 .debug_aranges
                0x0000000000000450       0x30 vmm/guest/obj/kern/mpconfig.o
 .debug_aranges
                0x0000000000000480       0x30 vmm/guest/obj/kern/lapic.o
 .debug_aranges
                0x00000000000004b0       0x30 vmm/guest/obj/kern/spinlock.o
 .debug_aranges
                0x00000000000004e0       0x30 vmm/guest/obj/kern/e1000.o
 .debug_aranges
                0x0000000000000510       0x30 vmm/guest/obj/kern/pci.o
 .debug_aranges
                0x0000000000000540       0x30 vmm/guest/obj/kern/time.o
 .debug_aranges
                0x0000000000000570       0x30 vmm/guest/obj/vmm/ept.o
 .debug_aranges
                0x00000000000005a0       0x30 vmm/guest/obj/vmm/vmx.o
 .debug_aranges
                0x00000000000005d0       0x30 vmm/guest/obj/vmm/vmexits.o

.debug_pubnames
 *(.debug_pubnames)

.debug_info     0x0000000000000000    0x16fd2
 *(.debug_info .gnu.linkonce.wi.*)
 .debug_info    0x0000000000000000       0x72 vmm/guest/obj/kern/bootstrap.o
 .debug_info    0x0000000000000072       0x6e vmm/guest/obj/kern/entry.o
 .debug_info    0x00000000000000e0      0xb96 vmm/guest/obj/kern/init.o
 .debug_info    0x0000000000000c76      0xcac vmm/guest/obj/kern/console.o
 .debug_info    0x0000000000001922      0x8d2 vmm/guest/obj/kern/monitor.o
 .debug_info    0x00000000000021f4     0x23e5 vmm/guest/obj/kern/pmap.o
 .debug_info    0x00000000000045d9     0x14e1 vmm/guest/obj/kern/env.o
 .debug_info    0x0000000000005aba      0x1ee vmm/guest/obj/kern/kclock.o
 .debug_info    0x0000000000005ca8      0x483 vmm/guest/obj/kern/picirq.o
 .debug_info    0x000000000000612b      0x1d8 vmm/guest/obj/kern/printf.o
 .debug_info    0x0000000000006303     0x12b1 vmm/guest/obj/kern/trap.o
 .debug_info    0x00000000000075b4       0x72 vmm/guest/obj/kern/trapentry.o
 .debug_info    0x0000000000007626      0x8d2 vmm/guest/obj/kern/sched.o
 .debug_info    0x0000000000007ef8     0x1153 vmm/guest/obj/kern/syscall.o
 .debug_info    0x000000000000904b     0x155a vmm/guest/obj/kern/kdebug.o
 .debug_info    0x000000000000a5a5      0x5e9 vmm/guest/obj/kern/printfmt.o
 .debug_info    0x000000000000ab8e      0x16d vmm/guest/obj/kern/readline.o
 .debug_info    0x000000000000acfb      0x69a vmm/guest/obj/kern/string.o
 .debug_info    0x000000000000b395     0x142d vmm/guest/obj/kern/libdwarf_rw.o
 .debug_info    0x000000000000c7c2     0x109a vmm/guest/obj/kern/libdwarf_frame.o
 .debug_info    0x000000000000d85c      0xdef vmm/guest/obj/kern/libdwarf_lineno.o
 .debug_info    0x000000000000e64b      0x96e vmm/guest/obj/kern/elf_rw.o
 .debug_info    0x000000000000efb9       0x70 vmm/guest/obj/kern/mpentry.o
 .debug_info    0x000000000000f029      0xccb vmm/guest/obj/kern/mpconfig.o
 .debug_info    0x000000000000fcf4      0x8f0 vmm/guest/obj/kern/lapic.o
 .debug_info    0x00000000000105e4      0xa4e vmm/guest/obj/kern/spinlock.o
 .debug_info    0x0000000000011032      0x59c vmm/guest/obj/kern/e1000.o
 .debug_info    0x00000000000115ce      0x70a vmm/guest/obj/kern/pci.o
 .debug_info    0x0000000000011cd8       0xaf vmm/guest/obj/kern/time.o
 .debug_info    0x0000000000011d87      0x825 vmm/guest/obj/vmm/ept.o
 .debug_info    0x00000000000125ac     0x35b2 vmm/guest/obj/vmm/vmx.o
 .debug_info    0x0000000000015b5e     0x1474 vmm/guest/obj/vmm/vmexits.o

.debug_abbrev   0x0000000000000000     0x3871
 *(.debug_abbrev)
 .debug_abbrev  0x0000000000000000       0x14 vmm/guest/obj/kern/bootstrap.o
 .debug_abbrev  0x0000000000000014       0x14 vmm/guest/obj/kern/entry.o
 .debug_abbrev  0x0000000000000028      0x287 vmm/guest/obj/kern/init.o
 .debug_abbrev  0x00000000000002af      0x2c8 vmm/guest/obj/kern/console.o
 .debug_abbrev  0x0000000000000577      0x1f6 vmm/guest/obj/kern/monitor.o
 .debug_abbrev  0x000000000000076d      0x2f6 vmm/guest/obj/kern/pmap.o
 .debug_abbrev  0x0000000000000a63      0x33f vmm/guest/obj/kern/env.o
 .debug_abbrev  0x0000000000000da2      0x102 vmm/guest/obj/kern/kclock.o
 .debug_abbrev  0x0000000000000ea4       0xf0 vmm/guest/obj/kern/picirq.o
 .debug_abbrev  0x0000000000000f94       0xdb vmm/guest/obj/kern/printf.o
 .debug_abbrev  0x000000000000106f      0x322 vmm/guest/obj/kern/trap.o
 .debug_abbrev  0x0000000000001391       0x14 vmm/guest/obj/kern/trapentry.o
 .debug_abbrev  0x00000000000013a5      0x1c8 vmm/guest/obj/kern/sched.o
 .debug_abbrev  0x000000000000156d      0x27e vmm/guest/obj/kern/syscall.o
 .debug_abbrev  0x00000000000017eb      0x268 vmm/guest/obj/kern/kdebug.o
 .debug_abbrev  0x0000000000001a53      0x1f3 vmm/guest/obj/kern/printfmt.o
 .debug_abbrev  0x0000000000001c46       0xad vmm/guest/obj/kern/readline.o
 .debug_abbrev  0x0000000000001cf3      0x11c vmm/guest/obj/kern/string.o
 .debug_abbrev  0x0000000000001e0f      0x1fa vmm/guest/obj/kern/libdwarf_rw.o
 .debug_abbrev  0x0000000000002009      0x22c vmm/guest/obj/kern/libdwarf_frame.o
 .debug_abbrev  0x0000000000002235      0x225 vmm/guest/obj/kern/libdwarf_lineno.o
 .debug_abbrev  0x000000000000245a      0x1e2 vmm/guest/obj/kern/elf_rw.o
 .debug_abbrev  0x000000000000263c       0x14 vmm/guest/obj/kern/mpentry.o
 .debug_abbrev  0x0000000000002650      0x232 vmm/guest/obj/kern/mpconfig.o
 .debug_abbrev  0x0000000000002882      0x1d7 vmm/guest/obj/kern/lapic.o
 .debug_abbrev  0x0000000000002a59      0x241 vmm/guest/obj/kern/spinlock.o
 .debug_abbrev  0x0000000000002c9a      0x12b vmm/guest/obj/kern/e1000.o
 .debug_abbrev  0x0000000000002dc5      0x1c4 vmm/guest/obj/kern/pci.o
 .debug_abbrev  0x0000000000002f89       0x78 vmm/guest/obj/kern/time.o
 .debug_abbrev  0x0000000000003001      0x196 vmm/guest/obj/vmm/ept.o
 .debug_abbrev  0x0000000000003197      0x3cc vmm/guest/obj/vmm/vmx.o
 .debug_abbrev  0x0000000000003563      0x30e vmm/guest/obj/vmm/vmexits.o

.debug_line     0x0000000000000000     0x5172
 *(.debug_line)
 .debug_line    0x0000000000000000       0x9a vmm/guest/obj/kern/bootstrap.o
 .debug_line    0x000000000000009a       0x51 vmm/guest/obj/kern/entry.o
 .debug_line    0x00000000000000eb      0x19d vmm/guest/obj/kern/init.o
 .debug_line    0x0000000000000288      0x2aa vmm/guest/obj/kern/console.o
 .debug_line    0x0000000000000532      0x1b1 vmm/guest/obj/kern/monitor.o
 .debug_line    0x00000000000006e3      0xef6 vmm/guest/obj/kern/pmap.o
 .debug_line    0x00000000000015d9      0x49c vmm/guest/obj/kern/env.o
 .debug_line    0x0000000000001a75       0x86 vmm/guest/obj/kern/kclock.o
 .debug_line    0x0000000000001afb       0xb0 vmm/guest/obj/kern/picirq.o
 .debug_line    0x0000000000001bab       0x7c vmm/guest/obj/kern/printf.o
 .debug_line    0x0000000000001c27      0x31b vmm/guest/obj/kern/trap.o
 .debug_line    0x0000000000001f42       0x75 vmm/guest/obj/kern/trapentry.o
 .debug_line    0x0000000000001fb7      0x176 vmm/guest/obj/kern/sched.o
 .debug_line    0x000000000000212d      0x33e vmm/guest/obj/kern/syscall.o
 .debug_line    0x000000000000246b      0x1e8 vmm/guest/obj/kern/kdebug.o
 .debug_line    0x0000000000002653      0x2a6 vmm/guest/obj/kern/printfmt.o
 .debug_line    0x00000000000028f9       0x8e vmm/guest/obj/kern/readline.o
 .debug_line    0x0000000000002987      0x1e9 vmm/guest/obj/kern/string.o
 .debug_line    0x0000000000002b70      0x468 vmm/guest/obj/kern/libdwarf_rw.o
 .debug_line    0x0000000000002fd8      0x511 vmm/guest/obj/kern/libdwarf_frame.o
 .debug_line    0x00000000000034e9      0x1f7 vmm/guest/obj/kern/libdwarf_lineno.o
 .debug_line    0x00000000000036e0      0x22d vmm/guest/obj/kern/elf_rw.o
 .debug_line    0x000000000000390d       0x74 vmm/guest/obj/kern/mpentry.o
 .debug_line    0x0000000000003981      0x1fc vmm/guest/obj/kern/mpconfig.o
 .debug_line    0x0000000000003b7d      0x16b vmm/guest/obj/kern/lapic.o
 .debug_line    0x0000000000003ce8      0x17c vmm/guest/obj/kern/spinlock.o
 .debug_line    0x0000000000003e64      0x16f vmm/guest/obj/kern/e1000.o
 .debug_line    0x0000000000003fd3      0x1f4 vmm/guest/obj/kern/pci.o
 .debug_line    0x00000000000041c7       0x4d vmm/guest/obj/kern/time.o
 .debug_line    0x0000000000004214      0x1ee vmm/guest/obj/vmm/ept.o
 .debug_line    0x0000000000004402      0xa47 vmm/guest/obj/vmm/vmx.o
 .debug_line    0x0000000000004e49      0x329 vmm/guest/obj/vmm/vmexits.o

.debug_frame
 *(.debug_frame)

.debug_str      0x0000000000000000     0x34e8
 *(.debug_str)
 .debug_str     0x0000000000000000      0x627 vmm/guest/obj/kern/init.o
                                        0x6dd (size before relaxing)
 .debug_str     0x0000000000000627      0x149 vmm/guest/obj/kern/console.o
                                        0x2d3 (size before relaxing)
 .debug_str     0x0000000000000770      0x171 vmm/guest/obj/kern/monitor.o
                                        0x46d (size before relaxing)
 .debug_str     0x00000000000008e1      0x54c vmm/guest/obj/kern/pmap.o
                                        0xb5e (size before relaxing)
 .debug_str     0x0000000000000e2d      0x334 vmm/guest/obj/kern/env.o
                                        0xa56 (size before relaxing)
 .debug_str     0x0000000000001161       0x31 vmm/guest/obj/kern/kclock.o
                                        0x190 (size before relaxing)
 .debug_str     0x0000000000001192       0x35 vmm/guest/obj/kern/picirq.o
                                        0x1c3 (size before relaxing)
 .debug_str     0x00000000000011c7       0x59 vmm/guest/obj/kern/printf.o
                                        0x1c5 (size before relaxing)
 .debug_str     0x0000000000001220      0x282 vmm/guest/obj/kern/trap.o
                                        0x93d (size before relaxing)
 .debug_str     0x00000000000014a2       0x29 vmm/guest/obj/kern/sched.o
                                        0x641 (size before relaxing)
 .debug_str     0x00000000000014cb      0x363 vmm/guest/obj/kern/syscall.o
                                        0xa6b (size before relaxing)
 .debug_str     0x000000000000182e      0x905 vmm/guest/obj/kern/kdebug.o
                                       0x1026 (size before relaxing)
 .debug_str     0x0000000000002133       0x93 vmm/guest/obj/kern/printfmt.o
                                        0x365 (size before relaxing)
 .debug_str     0x00000000000021c6       0x27 vmm/guest/obj/kern/readline.o
                                        0x201 (size before relaxing)
 .debug_str     0x00000000000021ed       0x9e vmm/guest/obj/kern/string.o
                                        0x21e (size before relaxing)
 .debug_str     0x000000000000228b      0x25c vmm/guest/obj/kern/libdwarf_rw.o
                                        0xc14 (size before relaxing)
 .debug_str     0x00000000000024e7      0x2dd vmm/guest/obj/kern/libdwarf_frame.o
                                        0xb6d (size before relaxing)
 .debug_str     0x00000000000027c4      0x1bd vmm/guest/obj/kern/libdwarf_lineno.o
                                        0xbbb (size before relaxing)
 .debug_str     0x0000000000002981      0x144 vmm/guest/obj/kern/elf_rw.o
                                        0x478 (size before relaxing)
 .debug_str     0x0000000000002ac5       0xbe vmm/guest/obj/kern/mpconfig.o
                                        0x6ae (size before relaxing)
 .debug_str     0x0000000000002b83       0x52 vmm/guest/obj/kern/lapic.o
                                        0x5f8 (size before relaxing)
 .debug_str     0x0000000000002bd5       0x4d vmm/guest/obj/kern/spinlock.o
                                        0x6c2 (size before relaxing)
 .debug_str     0x0000000000002c22       0xd6 vmm/guest/obj/kern/e1000.o
                                        0x391 (size before relaxing)
 .debug_str     0x0000000000002cf8      0x16f vmm/guest/obj/kern/pci.o
                                        0x363 (size before relaxing)
 .debug_str     0x0000000000002e67       0x26 vmm/guest/obj/kern/time.o
                                        0x11f (size before relaxing)
 .debug_str     0x0000000000002e8d       0xfa vmm/guest/obj/vmm/ept.o
                                        0x45e (size before relaxing)
 .debug_str     0x0000000000002f87      0x416 vmm/guest/obj/vmm/vmx.o
                                        0xbaf (size before relaxing)
 .debug_str     0x000000000000339d      0x14b vmm/guest/obj/vmm/vmexits.o
                                        0xb1a (size before relaxing)

.debug_loc      0x0000000000000000     0x7018
 *(.debug_loc)
 .debug_loc     0x0000000000000000      0x2c4 vmm/guest/obj/kern/init.o
 .debug_loc     0x00000000000002c4      0x6c0 vmm/guest/obj/kern/console.o
 .debug_loc     0x0000000000000984      0x240 vmm/guest/obj/kern/monitor.o
 .debug_loc     0x0000000000000bc4      0xc00 vmm/guest/obj/kern/pmap.o
 .debug_loc     0x00000000000017c4      0x6f8 vmm/guest/obj/kern/env.o
 .debug_loc     0x0000000000001ebc       0xc0 vmm/guest/obj/kern/kclock.o
 .debug_loc     0x0000000000001f7c      0x120 vmm/guest/obj/kern/picirq.o
 .debug_loc     0x000000000000209c      0x120 vmm/guest/obj/kern/printf.o
 .debug_loc     0x00000000000021bc      0x398 vmm/guest/obj/kern/trap.o
 .debug_loc     0x0000000000002554      0x180 vmm/guest/obj/kern/sched.o
 .debug_loc     0x00000000000026d4      0xa58 vmm/guest/obj/kern/syscall.o
 .debug_loc     0x000000000000312c       0xc0 vmm/guest/obj/kern/kdebug.o
 .debug_loc     0x00000000000031ec      0x300 vmm/guest/obj/kern/printfmt.o
 .debug_loc     0x00000000000034ec       0x60 vmm/guest/obj/kern/readline.o
 .debug_loc     0x000000000000354c      0x660 vmm/guest/obj/kern/string.o
 .debug_loc     0x0000000000003bac      0x900 vmm/guest/obj/kern/libdwarf_rw.o
 .debug_loc     0x00000000000044ac      0x540 vmm/guest/obj/kern/libdwarf_frame.o
 .debug_loc     0x00000000000049ec      0x180 vmm/guest/obj/kern/libdwarf_lineno.o
 .debug_loc     0x0000000000004b6c      0x240 vmm/guest/obj/kern/elf_rw.o
 .debug_loc     0x0000000000004dac      0x1e0 vmm/guest/obj/kern/mpconfig.o
 .debug_loc     0x0000000000004f8c      0x2a0 vmm/guest/obj/kern/lapic.o
 .debug_loc     0x000000000000522c      0x240 vmm/guest/obj/kern/spinlock.o
 .debug_loc     0x000000000000546c      0x120 vmm/guest/obj/kern/e1000.o
 .debug_loc     0x000000000000558c      0x3c0 vmm/guest/obj/kern/pci.o
 .debug_loc     0x000000000000594c      0x120 vmm/guest/obj/kern/time.o
 .debug_loc     0x0000000000005a6c      0x4e0 vmm/guest/obj/vmm/ept.o
 .debug_loc     0x0000000000005f4c      0xa6c vmm/guest/obj/vmm/vmx.o
 .debug_loc     0x00000000000069b8      0x660 vmm/guest/obj/vmm/vmexits.o

.comment        0x0000000000000000       0x35
 .comment       0x0000000000000000       0x35 vmm/guest/obj/kern/init.o
                                         0x36 (size before relaxing)
 .comment       0x0000000000000035       0x36 vmm/guest/obj/kern/console.o
 .comment       0x0000000000000035       0x36 vmm/guest/obj/kern/monitor.o
 .comment       0x0000000000000035       0x36 vmm/guest/obj/kern/pmap.o
 .comment       0x0000000000000035       0x36 vmm/guest/obj/kern/env.o
 .comment       0x0000000000000035       0x36 vmm/guest/obj/kern/kclock.o
 .comment       0x0000000000000035       0x36 vmm/guest/obj/kern/picirq.o
 .comment       0x0000000000000035       0x36 vmm/guest/obj/kern/printf.o
 .comment       0x0000000000000035       0x36 vmm/guest/obj/kern/trap.o
 .comment       0x0000000000000035       0x36 vmm/guest/obj/kern/sched.o
 .comment       0x0000000000000035       0x36 vmm/guest/obj/kern/syscall.o
 .comment       0x0000000000000035       0x36 vmm/guest/obj/kern/kdebug.o
 .comment       0x0000000000000035       0x36 vmm/guest/obj/kern/printfmt.o
 .comment       0x0000000000000035       0x36 vmm/guest/obj/kern/readline.o
 .comment       0x0000000000000035       0x36 vmm/guest/obj/kern/string.o
 .comment       0x0000000000000035       0x36 vmm/guest/obj/kern/libdwarf_rw.o
 .comment       0x0000000000000035       0x36 vmm/guest/obj/kern/libdwarf_frame.o
 .comment       0x0000000000000035       0x36 vmm/guest/obj/kern/libdwarf_lineno.o
 .comment       0x0000000000000035       0x36 vmm/guest/obj/kern/elf_rw.o
 .comment       0x0000000000000035       0x36 vmm/guest/obj/kern/mpconfig.o
 .comment       0x0000000000000035       0x36 vmm/guest/obj/kern/lapic.o
 .comment       0x0000000000000035       0x36 vmm/guest/obj/kern/spinlock.o
 .comment       0x0000000000000035       0x36 vmm/guest/obj/kern/e1000.o
 .comment       0x0000000000000035       0x36 vmm/guest/obj/kern/pci.o
 .comment       0x0000000000000035       0x36 vmm/guest/obj/kern/time.o
 .comment       0x0000000000000035       0x36 vmm/guest/obj/vmm/ept.o
 .comment       0x0000000000000035       0x36 vmm/guest/obj/vmm/vmx.o
 .comment       0x0000000000000035       0x36 vmm/guest/obj/vmm/vmexits.o

.debug_macinfo
 *(.debug_macinfo)

.debug_weaknames
 *(.debug_weaknames)

.debug_funcnames
 *(.debug_funcnames)

.debug_typenames
 *(.debug_typenames)

.debug_varnames
 *(.debug_varnames)

/DISCARD/
 *(.eh_frame .note.GNU-stack)
LOAD vmm/guest/obj/kern/entry.o
LOAD vmm/guest/obj/kern/bootstrap.o
LOAD vmm/guest/obj/kern/init.o
LOAD vmm/guest/obj/kern/console.o
LOAD vmm/guest/obj/kern/monitor.o
LOAD vmm/guest/obj/kern/pmap.o
LOAD vmm/guest/obj/kern/env.o
LOAD vmm/guest/obj/kern/kclock.o
LOAD vmm/guest/obj/kern/picirq.o
LOAD vmm/guest/obj/kern/printf.o
LOAD vmm/guest/obj/kern/trap.o
LOAD vmm/guest/obj/kern/trapentry.o
LOAD vmm/guest/obj/kern/sched.o
LOAD vmm/guest/obj/kern/syscall.o
LOAD vmm/guest/obj/kern/kdebug.o
LOAD vmm/guest/obj/kern/printfmt.o
LOAD vmm/guest/obj/kern/readline.o
LOAD vmm/guest/obj/kern/string.o
LOAD vmm/guest/obj/kern/libdwarf_rw.o
LOAD vmm/guest/obj/kern/libdwarf_frame.o
LOAD vmm/guest/obj/kern/libdwarf_lineno.o
LOAD vmm/guest/obj/kern/elf_rw.o
LOAD vmm/guest/obj/kern/mpentry.o
LOAD vmm/guest/obj/kern/mpconfig.o
LOAD vmm/guest/obj/kern/lapic.o
LOAD vmm/guest/obj/kern/spinlock.o
LOAD vmm/guest/obj/kern/e1000.o
LOAD vmm/guest/obj/kern/pci.o
LOAD vmm/guest/obj/kern/time.o
LOAD vmm/guest/obj/vmm/ept.o
LOAD vmm/guest/obj/vmm/vmx.o
LOAD vmm/guest/obj/vmm/vmexits.o
LOAD /usr/lib/gcc/x86_64-linux-gnu/5/libgcc.a
TARGET(binary)
LOAD vmm/guest/obj/user/hello
LOAD vmm/guest/obj/user/idle
LOAD vmm/guest/obj/user/testfile
LOAD vmm/guest/obj/user/writemotd
LOAD vmm/guest/obj/user/spawnhello
LOAD vmm/guest/obj/user/icode
LOAD vmm/guest/obj/fs/fs
LOAD vmm/guest/obj/user/testtime
LOAD vmm/guest/obj/user/httpd
LOAD vmm/guest/obj/user/echosrv
LOAD vmm/guest/obj/user/echotest
LOAD vmm/guest/obj/net/testoutput
LOAD vmm/guest/obj/net/testinput
LOAD vmm/guest/obj/net/ns
LOAD vmm/guest/obj/user/testpteshare
LOAD vmm/guest/obj/user/testfdsharing
LOAD vmm/guest/obj/user/testpipe
LOAD vmm/guest/obj/user/testpiperace
LOAD vmm/guest/obj/user/testpiperace2
LOAD vmm/guest/obj/user/primespipe
LOAD vmm/guest/obj/user/testkbd
LOAD vmm/guest/obj/user/testshell
LOAD vmm/guest/obj/user/vmm
LOAD vmm/guest/obj/user/sh
OUTPUT(vmm/guest/obj/kern/kernel elf64-x86-64)

.debug_ranges   0x0000000000000000       0x60
 .debug_ranges  0x0000000000000000       0x30 vmm/guest/obj/kern/monitor.o
 .debug_ranges  0x0000000000000030       0x30 vmm/guest/obj/kern/string.o
