
Allocating common symbols
Common symbol       size              file

global_rules_shadow
                    0x630             vmm/guest/obj/kern/libdwarf_frame.o
ismp                0x4               vmm/guest/obj/kern/mpconfig.o
lapicaddr           0x8               vmm/guest/obj/kern/lapic.o
ts                  0x68              vmm/guest/obj/kern/trap.o
end_debug           0x8               vmm/guest/obj/kern/init.o
mydebug             0x60              vmm/guest/obj/kern/kdebug.o
panicstr            0x8               vmm/guest/obj/kern/init.o
boot_cr3            0x8               vmm/guest/obj/kern/pmap.o
mpentry_kstack      0x8               vmm/guest/obj/kern/init.o
cpus                0x220             vmm/guest/obj/kern/mpconfig.o
global_std_op       0x200             vmm/guest/obj/kern/libdwarf_lineno.o
lapic               0x8               vmm/guest/obj/kern/lapic.o
bootcpu             0x8               vmm/guest/obj/kern/mpconfig.o
_cie                0x78              vmm/guest/obj/kern/kdebug.o
global_rules        0x630             vmm/guest/obj/kern/libdwarf_frame.o
boot_pml4e          0x8               vmm/guest/obj/kern/pmap.o
ncpu                0x4               vmm/guest/obj/kern/mpconfig.o
_fde                0x80              vmm/guest/obj/kern/kdebug.o
npages              0x8               vmm/guest/obj/kern/pmap.o
pages               0x8               vmm/guest/obj/kern/pmap.o
percpu_kstacks      0x40000           vmm/guest/obj/kern/mpconfig.o

Discarded input sections

 .note.GNU-stack
                0x0000000000000000        0x0 vmm/guest/obj/kern/init.o
 .eh_frame      0x0000000000000000      0x110 vmm/guest/obj/kern/init.o
 .note.GNU-stack
                0x0000000000000000        0x0 vmm/guest/obj/kern/console.o
 .eh_frame      0x0000000000000000      0x258 vmm/guest/obj/kern/console.o
 .note.GNU-stack
                0x0000000000000000        0x0 vmm/guest/obj/kern/monitor.o
 .eh_frame      0x0000000000000000       0xd8 vmm/guest/obj/kern/monitor.o
 .note.GNU-stack
                0x0000000000000000        0x0 vmm/guest/obj/kern/pmap.o
 .eh_frame      0x0000000000000000      0x440 vmm/guest/obj/kern/pmap.o
 .note.GNU-stack
                0x0000000000000000        0x0 vmm/guest/obj/kern/env.o
 .eh_frame      0x0000000000000000      0x288 vmm/guest/obj/kern/env.o
 .note.GNU-stack
                0x0000000000000000        0x0 vmm/guest/obj/kern/kclock.o
 .eh_frame      0x0000000000000000       0x58 vmm/guest/obj/kern/kclock.o
 .note.GNU-stack
                0x0000000000000000        0x0 vmm/guest/obj/kern/picirq.o
 .eh_frame      0x0000000000000000       0x78 vmm/guest/obj/kern/picirq.o
 .note.GNU-stack
                0x0000000000000000        0x0 vmm/guest/obj/kern/printf.o
 .eh_frame      0x0000000000000000       0x78 vmm/guest/obj/kern/printf.o
 .note.GNU-stack
                0x0000000000000000        0x0 vmm/guest/obj/kern/trap.o
 .eh_frame      0x0000000000000000      0x158 vmm/guest/obj/kern/trap.o
 .note.GNU-stack
                0x0000000000000000        0x0 vmm/guest/obj/kern/sched.o
 .eh_frame      0x0000000000000000       0x98 vmm/guest/obj/kern/sched.o
 .note.GNU-stack
                0x0000000000000000        0x0 vmm/guest/obj/kern/syscall.o
 .eh_frame      0x0000000000000000      0x3a0 vmm/guest/obj/kern/syscall.o
 .note.GNU-stack
                0x0000000000000000        0x0 vmm/guest/obj/kern/kdebug.o
 .eh_frame      0x0000000000000000       0x58 vmm/guest/obj/kern/kdebug.o
 .note.GNU-stack
                0x0000000000000000        0x0 vmm/guest/obj/kern/printfmt.o
 .eh_frame      0x0000000000000000      0x128 vmm/guest/obj/kern/printfmt.o
 .note.GNU-stack
                0x0000000000000000        0x0 vmm/guest/obj/kern/readline.o
 .eh_frame      0x0000000000000000       0x38 vmm/guest/obj/kern/readline.o
 .note.GNU-stack
                0x0000000000000000        0x0 vmm/guest/obj/kern/string.o
 .eh_frame      0x0000000000000000      0x238 vmm/guest/obj/kern/string.o
 .note.GNU-stack
                0x0000000000000000        0x0 vmm/guest/obj/kern/libdwarf_rw.o
 .eh_frame      0x0000000000000000      0x318 vmm/guest/obj/kern/libdwarf_rw.o
 .note.GNU-stack
                0x0000000000000000        0x0 vmm/guest/obj/kern/libdwarf_frame.o
 .eh_frame      0x0000000000000000      0x1e0 vmm/guest/obj/kern/libdwarf_frame.o
 .note.GNU-stack
                0x0000000000000000        0x0 vmm/guest/obj/kern/libdwarf_lineno.o
 .eh_frame      0x0000000000000000       0xa0 vmm/guest/obj/kern/libdwarf_lineno.o
 .note.GNU-stack
                0x0000000000000000        0x0 vmm/guest/obj/kern/elf_rw.o
 .eh_frame      0x0000000000000000       0xd8 vmm/guest/obj/kern/elf_rw.o
 .note.GNU-stack
                0x0000000000000000        0x0 vmm/guest/obj/kern/mpconfig.o
 .eh_frame      0x0000000000000000       0xb8 vmm/guest/obj/kern/mpconfig.o
 .note.GNU-stack
                0x0000000000000000        0x0 vmm/guest/obj/kern/lapic.o
 .eh_frame      0x0000000000000000       0xf8 vmm/guest/obj/kern/lapic.o
 .note.GNU-stack
                0x0000000000000000        0x0 vmm/guest/obj/kern/spinlock.o
 .eh_frame      0x0000000000000000       0xf0 vmm/guest/obj/kern/spinlock.o
 .note.GNU-stack
                0x0000000000000000        0x0 vmm/guest/obj/kern/e1000.o
 .eh_frame      0x0000000000000000       0x78 vmm/guest/obj/kern/e1000.o
 .note.GNU-stack
                0x0000000000000000        0x0 vmm/guest/obj/kern/pci.o
 .eh_frame      0x0000000000000000      0x158 vmm/guest/obj/kern/pci.o
 .note.GNU-stack
                0x0000000000000000        0x0 vmm/guest/obj/kern/time.o
 .eh_frame      0x0000000000000000       0x78 vmm/guest/obj/kern/time.o
 .note.GNU-stack
                0x0000000000000000        0x0 vmm/guest/obj/vmm/ept.o
 .eh_frame      0x0000000000000000      0x1c8 vmm/guest/obj/vmm/ept.o
 .note.GNU-stack
                0x0000000000000000        0x0 vmm/guest/obj/vmm/vmx.o
 .eh_frame      0x0000000000000000      0x3f0 vmm/guest/obj/vmm/vmx.o
 .note.GNU-stack
                0x0000000000000000        0x0 vmm/guest/obj/vmm/vmexits.o
 .eh_frame      0x0000000000000000      0x2c0 vmm/guest/obj/vmm/vmexits.o

Memory Configuration

Name             Origin             Length             Attributes
*default*        0x0000000000000000 0xffffffffffffffff

Linker script and memory map

                0x0000000000100000                . = 0x100000

.bootstrap      0x0000000000100000     0x7004
 vmm/guest/obj/kern/bootstrap.o(.text .data .bss)
 .text          0x0000000000100000      0x114 vmm/guest/obj/kern/bootstrap.o
                0x0000000000100000                _head64
                0x00000000001000e4                jumpto_longmode
 *fill*         0x0000000000100114      0xeec 
 .data          0x0000000000101000     0x6004 vmm/guest/obj/kern/bootstrap.o
                0x0000000000102000                pml4phys
                0x0000000000107000                multiboot_info
 .bss           0x0000000000107004        0x0 vmm/guest/obj/kern/bootstrap.o
                0x0000008004200000                . = 0x8004200000

.text           0x0000008004200000    0x1f7d7 load address 0x0000000000200000
 *(EXCLUDE_FILE(vmm/guest/obj/kern/bootstrap.o) .text .stub .text.* .gnu.linkonce.t.*)
 .text          0x0000008004200000       0x58 vmm/guest/obj/kern/entry.o
                0x000000800420000c                entry
                0x000000000020000c                _start
 .text          0x0000008004200058      0x6c5 vmm/guest/obj/kern/init.o
                0x000000800420009a                vmcall
                0x0000008004200129                i386_init
                0x000000800420042d                mp_main
                0x00000080042004f3                _panic
                0x000000800420062f                _warn
 .text          0x000000800420071d      0xb91 vmm/guest/obj/kern/console.o
                0x00000080042007ae                serial_intr
                0x000000800420102f                kbd_intr
                0x000000800420110c                cons_getc
                0x0000008004201201                cons_init
                0x000000800420125b                cputchar
                0x000000800420127a                getchar
                0x000000800420129c                iscons
 .text          0x00000080042012ae      0x8b3 vmm/guest/obj/kern/monitor.o
                0x00000080042012ae                mon_help
                0x0000008004201348                mon_kerninfo
                0x00000080042014dc                mon_backtrace
                0x0000008004201ac0                monitor
 .text          0x0000008004201b61     0x61b7 vmm/guest/obj/kern/pmap.o
                0x000000800420268f                x64_vm_init
                0x0000008004202c4b                page_init
                0x0000008004202efc                page_alloc
                0x0000008004202faf                page_free
                0x0000008004203031                page_decref
                0x0000008004203073                pml4e_walk
                0x00000080042032f2                pdpe_walk
                0x0000008004203571                pgdir_walk
                0x0000008004203a7d                page_insert
                0x0000008004203df1                page_lookup
                0x0000008004203e7c                page_remove
                0x0000008004203ef0                tlb_invalidate
                0x0000008004203fc0                mmio_map_region
                0x00000080042040af                user_mem_check
                0x00000080042041c8                user_mem_assert
 .text          0x0000008004207d18     0x1d19 vmm/guest/obj/kern/env.o
                0x0000008004207e7e                envid2env
                0x0000008004207fde                env_init
                0x00000080042080ac                env_init_percpu
                0x0000008004208215                env_guest_alloc
                0x0000008004208702                env_guest_free
                0x0000008004208a4a                env_alloc
                0x0000008004208ce7                load_icode
                0x00000080042090b8                env_create
                0x0000008004209161                env_free
                0x00000080042095f2                env_destroy
                0x00000080042096e1                env_pop_tf
                0x00000080042097bd                env_run
 .text          0x0000008004209a31       0x7d vmm/guest/obj/kern/kclock.o
                0x0000008004209a31                mc146818_read
                0x0000008004209a6d                mc146818_write
 .text          0x0000008004209aae      0x277 vmm/guest/obj/kern/picirq.o
                0x0000008004209aae                pic_init
                0x0000008004209c01                irq_setmask_8259A
                0x0000008004209cf4                irq_eoi
 .text          0x0000008004209d25      0x166 vmm/guest/obj/kern/printf.o
                0x0000008004209d54                vcprintf
                0x0000008004209db3                cprintf
 .text          0x0000008004209e8b     0x3a7e vmm/guest/obj/kern/trap.o
                0x0000008004209f2c                trap_init
                0x000000800420c642                trap_init_percpu
                0x000000800420cabf                print_trapframe
                0x000000800420cdd1                print_regs
                0x000000800420d23a                trap
                0x000000800420d597                page_fault_handler
 *fill*         0x000000800420d909        0x7 
 .text          0x000000800420d910      0x172 vmm/guest/obj/kern/trapentry.o
                0x000000800420d910                Xdivide
                0x000000800420d91a                Xdebug
                0x000000800420d924                Xnmi
                0x000000800420d92e                Xbrkpt
                0x000000800420d938                Xoflow
                0x000000800420d942                Xbound
                0x000000800420d94c                Xillop
                0x000000800420d956                Xdevice
                0x000000800420d960                Xdblflt
                0x000000800420d968                Xtss
                0x000000800420d970                Xsegnp
                0x000000800420d978                Xstack
                0x000000800420d980                Xgpflt
                0x000000800420d988                Xpgflt
                0x000000800420d990                Xfperr
                0x000000800420d996                Xalign
                0x000000800420d99a                Xmchk
                0x000000800420d9a0                Xirq0
                0x000000800420d9a6                Xirq1
                0x000000800420d9ac                Xirq2
                0x000000800420d9b2                Xirq3
                0x000000800420d9b8                Xirq4
                0x000000800420d9be                Xirq5
                0x000000800420d9c4                Xirq6
                0x000000800420d9ca                Xirq7
                0x000000800420d9d0                Xirq8
                0x000000800420d9d6                Xirq9
                0x000000800420d9dc                Xirq10
                0x000000800420d9e2                Xirq11
                0x000000800420d9e8                Xirq12
                0x000000800420d9ee                Xirq13
                0x000000800420d9f4                Xirq14
                0x000000800420d9fa                Xirq15
                0x000000800420da00                Xsyscall
                0x000000800420da06                Xdefault
                0x000000800420da10                _alltraps
 .text          0x000000800420da82      0x42f vmm/guest/obj/kern/sched.o
                0x000000800420dac6                sched_yield
                0x000000800420dcaf                sched_halt
 .text          0x000000800420deb1     0x16ff vmm/guest/obj/kern/syscall.o
                0x000000800420f2a3                syscall
 .text          0x000000800420f5b0      0xbe0 vmm/guest/obj/kern/kdebug.o
                0x000000800420f5b0                list_func_die
                0x000000800420fcd6                debuginfo_rip
 .text          0x0000008004210190      0xa4c vmm/guest/obj/kern/printfmt.o
                0x0000008004210456                vprintfmt
                0x000000800421095c                printfmt
                0x0000008004210a5e                vsnprintf
                0x0000008004210afb                snprintf
 .text          0x0000008004210bdc      0x159 vmm/guest/obj/kern/readline.o
                0x0000008004210bdc                readline
 .text          0x0000008004210d35      0x7cc vmm/guest/obj/kern/string.o
                0x0000008004210d35                strlen
                0x0000008004210d63                strnlen
                0x0000008004210da1                strcpy
                0x0000008004210de4                strcat
                0x0000008004210e33                strncpy
                0x0000008004210e93                strlcpy
                0x0000008004210f03                strcmp
                0x0000008004210f56                strncmp
                0x0000008004210fc7                strchr
                0x0000008004211003                strfind
                0x000000800421103b                memset
                0x00000080042110c6                memmove
                0x00000080042111dd                memcpy
                0x0000008004211211                memcmp
                0x0000008004211285                memfind
                0x00000080042112d5                strtol
                0x0000008004211466                strstr
 .text          0x0000008004211501     0x1e8a vmm/guest/obj/kern/libdwarf_rw.o
                0x0000008004211501                _dwarf_read_lsb
                0x000000800421162d                _dwarf_decode_lsb
                0x000000800421174e                _dwarf_read_msb
                0x0000008004211900                _dwarf_decode_msb
                0x0000008004211aaf                _dwarf_read_sleb128
                0x0000008004211b53                _dwarf_read_uleb128
                0x0000008004211bd2                _dwarf_decode_sleb128
                0x0000008004211c64                _dwarf_decode_uleb128
                0x0000008004211cd1                _dwarf_read_string
                0x0000008004211d60                _dwarf_read_block
                0x0000008004211da9                _dwarf_elf_get_byte_order
                0x0000008004211e17                _dwarf_elf_get_pointer_size
                0x0000008004211e81                _dwarf_init
                0x0000008004211f5d                _get_next_cu
                0x00000080042120fe                print_cu
                0x0000008004212136                _dwarf_abbrev_parse
                0x00000080042123b9                _dwarf_abbrev_find
                0x00000080042124c3                _dwarf_attr_init
                0x0000008004212b5b                dwarf_search_die_within_cu
                0x0000008004212e37                dwarf_offdie
                0x0000008004212f19                _dwarf_attr_find
                0x0000008004212fac                dwarf_siblingof
                0x00000080042131ae                dwarf_child
                0x000000800421332e                _dwarf_find_section_enhanced
 .text          0x000000800421338b     0x25e1 vmm/guest/obj/kern/libdwarf_frame.o
                0x000000800421338b                _dwarf_frame_params_init
                0x00000080042133cc                dwarf_get_fde_at_pc
                0x000000800421349c                _dwarf_frame_regtable_copy
                0x0000008004214450                _dwarf_frame_get_internal_table
                0x00000080042146bc                dwarf_get_fde_info_for_all_regs
                0x00000080042155d5                _dwarf_frame_interal_table_init
                0x0000008004215894                dwarf_set_frame_cfa_value
                0x00000080042158c4                dwarf_init_eh_section
 .text          0x000000800421596c      0xce0 vmm/guest/obj/kern/libdwarf_lineno.o
                0x0000008004215f5b                _dwarf_lineno_init
                0x00000080042164d1                dwarf_srclines
 .text          0x000000800421664c      0xd1c vmm/guest/obj/kern/elf_rw.o
                0x000000800421664c                _dwarf_find_section
                0x00000080042166cc                find_debug_sections
                0x0000008004216996                read_section_headers
                0x00000080042170db                readseg
                0x0000008004217240                waitdisk
                0x000000800421726d                readsect
 .text          0x0000008004217368       0xe7 vmm/guest/obj/kern/mpentry.o
                0x0000008004217368                mpentry_start
                0x000000800421744e                mpentry_end
 .text          0x000000800421744f      0x8ef vmm/guest/obj/kern/mpconfig.o
                0x0000008004217927                mp_init
 .text          0x0000008004217d3e      0x47d vmm/guest/obj/kern/lapic.o
                0x0000008004217d81                lapic_init
                0x0000008004217f7d                cpunum
                0x0000008004217fb2                lapic_eoi
                0x0000008004217fef                lapic_startap
                0x0000008004218173                lapic_ipi
 .text          0x00000080042181bb      0x477 vmm/guest/obj/kern/spinlock.o
                0x00000080042182d9                __spin_initlock
                0x000000800421830e                spin_lock
                0x00000080042183e4                spin_unlock
 .text          0x0000008004218632      0x6a3 vmm/guest/obj/kern/e1000.o
                0x0000008004218632                e1000_attach
                0x00000080042189c3                e1000_transmit
                0x0000008004218b43                e1000_receive
 .text          0x0000008004218cd5      0xafe vmm/guest/obj/kern/pci.o
                0x0000008004219513                pci_func_enable
                0x0000008004219797                pci_init
 .text          0x00000080042197d3       0xa5 vmm/guest/obj/kern/time.o
                0x00000080042197d3                time_init
                0x00000080042197ea                time_tick
                0x000000800421985d                time_msec
 .text          0x0000008004219878      0x871 vmm/guest/obj/vmm/ept.o
                0x0000008004219ad0                ept_gpa2hva
                0x0000008004219dbf                free_guest_mem
                0x0000008004219df4                ept_page_insert
                0x0000008004219ed6                ept_map_hva2gpa
                0x0000008004219fc5                ept_alloc_static
 .text          0x000000800421a0e9     0x416c vmm/guest/obj/vmm/vmx.o
                0x000000800421a2b5                vmx_list_vms
                0x000000800421a376                vmx_sel_resume
                0x000000800421a44c                vmx_check_support
                0x000000800421a482                vmx_check_ept
                0x000000800421a505                check_fixed_bits
                0x000000800421a5ce                vmx_init_vmcs
                0x000000800421a6d4                vmx_init_vmxon
                0x000000800421ab7b                vmcs_host_init
                0x000000800421af4a                vmcs_guest_init
                0x000000800421b759                vmx_read_capability_msr
                0x000000800421bddf                vmcs_dump_cpu
                0x000000800421c04c                vmcs_dump_cpu_1
                0x000000800421d286                vmexit
                0x000000800421daa3                asm_vmrun
                0x000000800421dd60                msr_setup
                0x000000800421de71                bitmap_setup
                0x000000800421dfb4                vmx_vmrun
 .text          0x000000800421e255     0x1582 vmm/guest/obj/vmm/vmexits.o
                0x000000800421e3e5                vmx_get_vmdisk_number
                0x000000800421e3f7                vmx_incr_vmdisk_number
                0x000000800421e419                find_msr_in_region
                0x000000800421e470                handle_interrupt_window
                0x000000800421e4f1                handle_interrupts
                0x000000800421e59e                handle_rdmsr
                0x000000800421e6ad                handle_wrmsr
                0x000000800421e820                handle_eptviolation
                0x000000800421ea12                handle_ioinstr
                0x000000800421ebec                handle_cpuid
                0x000000800421ecb9                handle_vmcall
                0x000000800421f0e2                handle_vmclear
                0x000000800421f229                handle_vmptrld
                0x000000800421f2df                handle_vmwrite
                0x000000800421f448                handle_vmlaunch
                0x000000800421f7d7                PROVIDE (etext, .)

.iplt           0x000000800421f7e0        0x0 load address 0x000000000021f7e0
 .iplt          0x000000800421f7e0        0x0 vmm/guest/obj/kern/bootstrap.o

.rodata         0x000000800421f7e0     0x3c8a load address 0x000000000021f7e0
 *(EXCLUDE_FILE(vmm/guest/obj/kern/bootstrap.o) .rodata .rodata.* .gnu.linkonce.r.*)
 .rodata        0x000000800421f7e0       0xee vmm/guest/obj/kern/init.o
 .rodata        0x000000800421f8ce       0x36 vmm/guest/obj/kern/console.o
 *fill*         0x000000800421f904        0x4 
 .rodata        0x000000800421f908      0x2d9 vmm/guest/obj/kern/monitor.o
 *fill*         0x000000800421fbe1        0x7 
 .rodata        0x000000800421fbe8      0xf2c vmm/guest/obj/kern/pmap.o
 *fill*         0x0000008004220b14        0x4 
 .rodata        0x0000008004220b18      0x1ed vmm/guest/obj/kern/env.o
 .rodata        0x0000008004220d05       0x1a vmm/guest/obj/kern/picirq.o
 *fill*         0x0000008004220d1f        0x1 
 .rodata        0x0000008004220d20      0x4a0 vmm/guest/obj/kern/trap.o
 .rodata        0x00000080042211c0       0x61 vmm/guest/obj/kern/sched.o
 *fill*         0x0000008004221221        0x7 
 .rodata        0x0000008004221228      0x278 vmm/guest/obj/kern/syscall.o
 .rodata        0x00000080042214a0      0x378 vmm/guest/obj/kern/kdebug.o
 *fill*         0x0000008004221818        0x8 
 .rodata        0x0000008004221820      0x4c8 vmm/guest/obj/kern/printfmt.o
 .rodata        0x0000008004221ce8       0x13 vmm/guest/obj/kern/readline.o
 *fill*         0x0000008004221cfb        0x5 
 .rodata        0x0000008004221d00      0x1ab vmm/guest/obj/kern/libdwarf_rw.o
 *fill*         0x0000008004221eab        0x5 
 .rodata        0x0000008004221eb0      0x1d8 vmm/guest/obj/kern/libdwarf_frame.o
 .rodata        0x0000008004222088       0xc3 vmm/guest/obj/kern/libdwarf_lineno.o
 .rodata        0x000000800422214b       0xa4 vmm/guest/obj/kern/elf_rw.o
 *fill*         0x00000080042221ef        0x1 
 .rodata        0x00000080042221f0      0x289 vmm/guest/obj/kern/mpconfig.o
 *fill*         0x0000008004222479        0x7 
 .rodata        0x0000008004222480       0x30 vmm/guest/obj/kern/lapic.o
 .rodata        0x00000080042224b0       0xf1 vmm/guest/obj/kern/spinlock.o
 *fill*         0x00000080042225a1        0x7 
 .rodata        0x00000080042225a8       0x87 vmm/guest/obj/kern/e1000.o
 *fill*         0x000000800422262f        0x1 
 .rodata        0x0000008004222630      0x287 vmm/guest/obj/kern/pci.o
 .rodata        0x00000080042228b7       0x27 vmm/guest/obj/kern/time.o
 *fill*         0x00000080042228de        0x2 
 .rodata        0x00000080042228e0       0xcc vmm/guest/obj/vmm/ept.o
 *fill*         0x00000080042229ac        0x4 
 .rodata        0x00000080042229b0      0x8d7 vmm/guest/obj/vmm/vmx.o
 *fill*         0x0000008004223287        0x1 
 .rodata        0x0000008004223288      0x1e2 vmm/guest/obj/vmm/vmexits.o

.rela.dyn       0x0000008004223470        0x0 load address 0x0000000000223470
 .rela.iplt     0x0000008004223470        0x0 vmm/guest/obj/kern/bootstrap.o
 .rela.text     0x0000008004223470        0x0 vmm/guest/obj/kern/bootstrap.o
 .rela.data     0x0000008004223470        0x0 vmm/guest/obj/kern/bootstrap.o
                0x0000008004224000                . = ALIGN (0x1000)

.data           0x0000008004224000   0x2ba7b0 load address 0x0000000000224000
 *(EXCLUDE_FILE(vmm/guest/obj/kern/bootstrap.o) .data)
 .data          0x0000008004224000    0x10042 vmm/guest/obj/kern/entry.o
                0x0000008004224000                bootstack
                0x0000008004234000                kernel_64
                0x0000008004234000                bootstacktop
                0x0000008004234038                gdtdesc_64
 .data          0x0000008004234042        0x0 vmm/guest/obj/kern/init.o
 *fill*         0x0000008004234042       0x1e 
 .data          0x0000008004234060      0x520 vmm/guest/obj/kern/console.o
 .data          0x0000008004234580       0x60 vmm/guest/obj/kern/monitor.o
 .data          0x00000080042345e0        0x8 vmm/guest/obj/kern/pmap.o
 *fill*         0x00000080042345e8       0x18 
 .data          0x0000008004234600       0x72 vmm/guest/obj/kern/env.o
                0x0000008004234600                gdt
                0x0000008004234668                gdt_pd
 .data          0x0000008004234672        0x0 vmm/guest/obj/kern/kclock.o
 .data          0x0000008004234672        0x2 vmm/guest/obj/kern/picirq.o
                0x0000008004234672                irq_mask_8259A
 .data          0x0000008004234674        0x0 vmm/guest/obj/kern/printf.o
 .data          0x0000008004234674        0x0 vmm/guest/obj/kern/trap.o
 .data          0x0000008004234674        0x0 vmm/guest/obj/kern/trapentry.o
 .data          0x0000008004234674        0x0 vmm/guest/obj/kern/sched.o
 .data          0x0000008004234674        0x0 vmm/guest/obj/kern/syscall.o
 *fill*         0x0000008004234674        0x4 
 .data          0x0000008004234678       0x18 vmm/guest/obj/kern/kdebug.o
                0x0000008004234678                fde
                0x0000008004234680                cie
                0x0000008004234688                dbg
 .data          0x0000008004234690        0x0 vmm/guest/obj/kern/printfmt.o
 .data          0x0000008004234690        0x0 vmm/guest/obj/kern/readline.o
 .data          0x0000008004234690        0x0 vmm/guest/obj/kern/string.o
 .data          0x0000008004234690        0x0 vmm/guest/obj/kern/libdwarf_rw.o
 *fill*         0x0000008004234690       0x10 
 .data          0x00000080042346a0       0x20 vmm/guest/obj/kern/libdwarf_frame.o
                0x00000080042346a0                debug_frame_sec
 .data          0x00000080042346c0        0x0 vmm/guest/obj/kern/libdwarf_lineno.o
 .data          0x00000080042346c0       0xa0 vmm/guest/obj/kern/elf_rw.o
                0x00000080042346c0                section_info
 .data          0x0000008004234760        0x0 vmm/guest/obj/kern/mpentry.o
 .data          0x0000008004234760        0x0 vmm/guest/obj/kern/mpconfig.o
 .data          0x0000008004234760        0x0 vmm/guest/obj/kern/lapic.o
 .data          0x0000008004234760       0x68 vmm/guest/obj/kern/spinlock.o
                0x0000008004234760                kernel_lock
 .data          0x00000080042347c8        0x0 vmm/guest/obj/kern/e1000.o
 *fill*         0x00000080042347c8       0x18 
 .data          0x00000080042347e0       0x98 vmm/guest/obj/kern/pci.o
                0x0000008004234800                pci_attach_class
                0x0000008004234820                pci_attach_vendor
 .data          0x0000008004234878        0x0 vmm/guest/obj/kern/time.o
 .data          0x0000008004234878        0x0 vmm/guest/obj/vmm/ept.o
 .data          0x0000008004234878        0x0 vmm/guest/obj/vmm/vmx.o
 .data          0x0000008004234878        0x0 vmm/guest/obj/vmm/vmexits.o
 .data          0x0000008004234878    0x161f0 vmm/guest/obj/user/hello
                0x0000008004234878                _binary_vmm_guest_obj_user_hello_start
                0x000000800424aa68                _binary_vmm_guest_obj_user_hello_end
 .data          0x000000800424aa68    0x15cb8 vmm/guest/obj/user/idle
                0x000000800424aa68                _binary_vmm_guest_obj_user_idle_start
                0x0000008004260720                _binary_vmm_guest_obj_user_idle_end
 .data          0x0000008004260720    0x17608 vmm/guest/obj/user/testfile
                0x0000008004260720                _binary_vmm_guest_obj_user_testfile_start
                0x0000008004277d28                _binary_vmm_guest_obj_user_testfile_end
 .data          0x0000008004277d28    0x15d30 vmm/guest/obj/user/writemotd
                0x0000008004277d28                _binary_vmm_guest_obj_user_writemotd_start
                0x000000800428da58                _binary_vmm_guest_obj_user_writemotd_end
 .data          0x000000800428da58    0x18788 vmm/guest/obj/user/spawnhello
                0x000000800428da58                _binary_vmm_guest_obj_user_spawnhello_start
                0x00000080042a61e0                _binary_vmm_guest_obj_user_spawnhello_end
 .data          0x00000080042a61e0    0x182c8 vmm/guest/obj/user/icode
                0x00000080042a61e0                _binary_vmm_guest_obj_user_icode_start
                0x00000080042be4a8                _binary_vmm_guest_obj_user_icode_end
 .data          0x00000080042be4a8    0x285b0 vmm/guest/obj/fs/fs
                0x00000080042be4a8                _binary_vmm_guest_obj_fs_fs_start
                0x00000080042e6a58                _binary_vmm_guest_obj_fs_fs_end
 .data          0x00000080042e6a58    0x15ee0 vmm/guest/obj/user/testtime
                0x00000080042e6a58                _binary_vmm_guest_obj_user_testtime_start
                0x00000080042fc938                _binary_vmm_guest_obj_user_testtime_end
 .data          0x00000080042fc938    0x1a3e8 vmm/guest/obj/user/httpd
                0x00000080042fc938                _binary_vmm_guest_obj_user_httpd_start
                0x0000008004316d20                _binary_vmm_guest_obj_user_httpd_end
 .data          0x0000008004316d20    0x17c20 vmm/guest/obj/user/echosrv
                0x0000008004316d20                _binary_vmm_guest_obj_user_echosrv_start
                0x000000800432e940                _binary_vmm_guest_obj_user_echosrv_end
 .data          0x000000800432e940    0x17b58 vmm/guest/obj/user/echotest
                0x000000800432e940                _binary_vmm_guest_obj_user_echotest_start
                0x0000008004346498                _binary_vmm_guest_obj_user_echotest_end
 .data          0x0000008004346498    0x19688 vmm/guest/obj/net/testoutput
                0x0000008004346498                _binary_vmm_guest_obj_net_testoutput_start
                0x000000800435fb20                _binary_vmm_guest_obj_net_testoutput_end
 .data          0x000000800435fb20    0x1b6e8 vmm/guest/obj/net/testinput
                0x000000800435fb20                _binary_vmm_guest_obj_net_testinput_start
                0x000000800437b208                _binary_vmm_guest_obj_net_testinput_end
 .data          0x000000800437b208    0x652c8 vmm/guest/obj/net/ns
                0x000000800437b208                _binary_vmm_guest_obj_net_ns_start
                0x00000080043e04d0                _binary_vmm_guest_obj_net_ns_end
 .data          0x00000080043e04d0    0x1b0b8 vmm/guest/obj/user/testpteshare
                0x00000080043e04d0                _binary_vmm_guest_obj_user_testpteshare_start
                0x00000080043fb588                _binary_vmm_guest_obj_user_testpteshare_end
 .data          0x00000080043fb588    0x18ae8 vmm/guest/obj/user/testfdsharing
                0x00000080043fb588                _binary_vmm_guest_obj_user_testfdsharing_start
                0x0000008004414070                _binary_vmm_guest_obj_user_testfdsharing_end
 .data          0x0000008004414070    0x18ff0 vmm/guest/obj/user/testpipe
                0x0000008004414070                _binary_vmm_guest_obj_user_testpipe_start
                0x000000800442d060                _binary_vmm_guest_obj_user_testpipe_end
 .data          0x000000800442d060    0x188c8 vmm/guest/obj/user/testpiperace
                0x000000800442d060                _binary_vmm_guest_obj_user_testpiperace_start
                0x0000008004445928                _binary_vmm_guest_obj_user_testpiperace_end
 .data          0x0000008004445928    0x188a8 vmm/guest/obj/user/testpiperace2
                0x0000008004445928                _binary_vmm_guest_obj_user_testpiperace2_start
                0x000000800445e1d0                _binary_vmm_guest_obj_user_testpiperace2_end
 .data          0x000000800445e1d0    0x18340 vmm/guest/obj/user/primespipe
                0x000000800445e1d0                _binary_vmm_guest_obj_user_primespipe_start
                0x0000008004476510                _binary_vmm_guest_obj_user_primespipe_end
 .data          0x0000008004476510    0x16858 vmm/guest/obj/user/testkbd
                0x0000008004476510                _binary_vmm_guest_obj_user_testkbd_start
                0x000000800448cd68                _binary_vmm_guest_obj_user_testkbd_end
 .data          0x000000800448cd68    0x1b140 vmm/guest/obj/user/testshell
                0x000000800448cd68                _binary_vmm_guest_obj_user_testshell_start
                0x00000080044a7ea8                _binary_vmm_guest_obj_user_testshell_end
 .data          0x00000080044a7ea8    0x187d0 vmm/guest/obj/user/vmm
                0x00000080044a7ea8                _binary_vmm_guest_obj_user_vmm_start
                0x00000080044c0678                _binary_vmm_guest_obj_user_vmm_end
 .data          0x00000080044c0678    0x1e138 vmm/guest/obj/user/sh
                0x00000080044c0678                _binary_vmm_guest_obj_user_sh_start
                0x00000080044de7b0                _binary_vmm_guest_obj_user_sh_end
                0x00000080044de7b0                PROVIDE (edata, .)

.igot.plt       0x00000080044de7b0        0x0 load address 0x00000000004de7b0
 .igot.plt      0x00000080044de7b0        0x0 vmm/guest/obj/kern/bootstrap.o

.bss            0x00000080044df000   0x242010 load address 0x00000000004df000
 *(EXCLUDE_FILE(vmm/guest/obj/kern/bootstrap.o) .bss)
 .bss           0x00000080044df000        0x0 vmm/guest/obj/kern/entry.o
 .bss           0x00000080044df000        0x0 vmm/guest/obj/kern/init.o
 .bss           0x00000080044df000      0x22c vmm/guest/obj/kern/console.o
 .bss           0x00000080044df22c        0x0 vmm/guest/obj/kern/monitor.o
 *fill*         0x00000080044df22c        0x4 
 .bss           0x00000080044df230       0x20 vmm/guest/obj/kern/pmap.o
 .bss           0x00000080044df250       0x30 vmm/guest/obj/kern/env.o
                0x00000080044df250                vcpu_count
                0x00000080044df258                envs
                0x00000080044df260                L0_env
                0x00000080044df268                L1_env
                0x00000080044df270                L2_env
 .bss           0x00000080044df280        0x0 vmm/guest/obj/kern/kclock.o
 .bss           0x00000080044df280        0x1 vmm/guest/obj/kern/picirq.o
 .bss           0x00000080044df281        0x0 vmm/guest/obj/kern/printf.o
 *fill*         0x00000080044df281       0x1f 
 .bss           0x00000080044df2a0     0x1018 vmm/guest/obj/kern/trap.o
                0x00000080044df2a0                idt
                0x00000080044e02a0                idt_pd
 .bss           0x00000080044e02b8        0x0 vmm/guest/obj/kern/trapentry.o
 .bss           0x00000080044e02b8        0x0 vmm/guest/obj/kern/sched.o
 .bss           0x00000080044e02b8        0x0 vmm/guest/obj/kern/syscall.o
 .bss           0x00000080044e02b8        0x8 vmm/guest/obj/kern/kdebug.o
 .bss           0x00000080044e02c0        0x0 vmm/guest/obj/kern/printfmt.o
 .bss           0x00000080044e02c0      0x400 vmm/guest/obj/kern/readline.o
 .bss           0x00000080044e06c0        0x0 vmm/guest/obj/kern/string.o
 .bss           0x00000080044e06c0        0x0 vmm/guest/obj/kern/libdwarf_rw.o
 .bss           0x00000080044e06c0       0x68 vmm/guest/obj/kern/libdwarf_frame.o
                0x00000080044e06c0                global_rt_table
                0x00000080044e0700                global_rt_table_shadow
 .bss           0x00000080044e0728        0x0 vmm/guest/obj/kern/libdwarf_lineno.o
 .bss           0x00000080044e0728        0x0 vmm/guest/obj/kern/elf_rw.o
 .bss           0x00000080044e0728        0x0 vmm/guest/obj/kern/mpentry.o
 .bss           0x00000080044e0728        0x0 vmm/guest/obj/kern/mpconfig.o
 .bss           0x00000080044e0728        0x0 vmm/guest/obj/kern/lapic.o
 .bss           0x00000080044e0728        0x0 vmm/guest/obj/kern/spinlock.o
 *fill*         0x00000080044e0728       0x18 
 .bss           0x00000080044e0740   0x1fde80 vmm/guest/obj/kern/e1000.o
 .bss           0x00000080046de5c0       0x20 vmm/guest/obj/kern/pci.o
 .bss           0x00000080046de5e0        0x4 vmm/guest/obj/kern/time.o
 .bss           0x00000080046de5e4        0x0 vmm/guest/obj/vmm/ept.o
 .bss           0x00000080046de5e4        0x4 vmm/guest/obj/vmm/vmx.o
 .bss           0x00000080046de5e8        0x8 vmm/guest/obj/vmm/vmexits.o
 COMMON         0x00000080046de5f0       0x18 vmm/guest/obj/kern/init.o
                0x00000080046de5f0                end_debug
                0x00000080046de5f8                panicstr
                0x00000080046de600                mpentry_kstack
 COMMON         0x00000080046de608       0x20 vmm/guest/obj/kern/pmap.o
                0x00000080046de608                boot_cr3
                0x00000080046de610                boot_pml4e
                0x00000080046de618                npages
                0x00000080046de620                pages
 *fill*         0x00000080046de628       0x18 
 COMMON         0x00000080046de640       0x68 vmm/guest/obj/kern/trap.o
                0x00000080046de640                ts
 *fill*         0x00000080046de6a8       0x18 
 COMMON         0x00000080046de6c0      0x160 vmm/guest/obj/kern/kdebug.o
                0x00000080046de6c0                mydebug
                0x00000080046de720                _cie
                0x00000080046de7a0                _fde
 COMMON         0x00000080046de820      0xc70 vmm/guest/obj/kern/libdwarf_frame.o
                0x00000080046de820                global_rules_shadow
                0x00000080046dee60                global_rules
 *fill*         0x00000080046df490       0x10 
 COMMON         0x00000080046df4a0      0x200 vmm/guest/obj/kern/libdwarf_lineno.o
                0x00000080046df4a0                global_std_op
 *fill*         0x00000080046df6a0      0x960 
 COMMON         0x00000080046e0000    0x41000 vmm/guest/obj/kern/mpconfig.o
                0x00000080046e0000                ismp
                0x00000080046e0020                cpus
                0x00000080046e0240                bootcpu
                0x00000080046e0248                ncpu
                0x00000080046e1000                percpu_kstacks
 COMMON         0x0000008004721000       0x10 vmm/guest/obj/kern/lapic.o
                0x0000008004721000                lapicaddr
                0x0000008004721008                lapic
                0x0000008004721010                PROVIDE (end, .)

.debug
 *(.debug)

.line
 *(.line)

.debug_srcinfo
 *(.debug_srcinfo)

.debug_sfnames
 *(.debug_sfnames)

.debug_aranges  0x0000000000000000      0x600
 *(.debug_aranges)
 .debug_aranges
                0x0000000000000000       0x30 vmm/guest/obj/kern/bootstrap.o
 .debug_aranges
                0x0000000000000030       0x30 vmm/guest/obj/kern/entry.o
 .debug_aranges
                0x0000000000000060       0x30 vmm/guest/obj/kern/init.o
 .debug_aranges
                0x0000000000000090       0x30 vmm/guest/obj/kern/console.o
 .debug_aranges
                0x00000000000000c0       0x30 vmm/guest/obj/kern/monitor.o
 .debug_aranges
                0x00000000000000f0       0x30 vmm/guest/obj/kern/pmap.o
 .debug_aranges
                0x0000000000000120       0x30 vmm/guest/obj/kern/env.o
 .debug_aranges
                0x0000000000000150       0x30 vmm/guest/obj/kern/kclock.o
 .debug_aranges
                0x0000000000000180       0x30 vmm/guest/obj/kern/picirq.o
 .debug_aranges
                0x00000000000001b0       0x30 vmm/guest/obj/kern/printf.o
 .debug_aranges
                0x00000000000001e0       0x30 vmm/guest/obj/kern/trap.o
 .debug_aranges
                0x0000000000000210       0x30 vmm/guest/obj/kern/trapentry.o
 .debug_aranges
                0x0000000000000240       0x30 vmm/guest/obj/kern/sched.o
 .debug_aranges
                0x0000000000000270       0x30 vmm/guest/obj/kern/syscall.o
 .debug_aranges
                0x00000000000002a0       0x30 vmm/guest/obj/kern/kdebug.o
 .debug_aranges
                0x00000000000002d0       0x30 vmm/guest/obj/kern/printfmt.o
 .debug_aranges
                0x0000000000000300       0x30 vmm/guest/obj/kern/readline.o
 .debug_aranges
                0x0000000000000330       0x30 vmm/guest/obj/kern/string.o
 .debug_aranges
                0x0000000000000360       0x30 vmm/guest/obj/kern/libdwarf_rw.o
 .debug_aranges
                0x0000000000000390       0x30 vmm/guest/obj/kern/libdwarf_frame.o
 .debug_aranges
                0x00000000000003c0       0x30 vmm/guest/obj/kern/libdwarf_lineno.o
 .debug_aranges
                0x00000000000003f0       0x30 vmm/guest/obj/kern/elf_rw.o
 .debug_aranges
                0x0000000000000420       0x30 vmm/guest/obj/kern/mpentry.o
 .debug_aranges
                0x0000000000000450       0x30 vmm/guest/obj/kern/mpconfig.o
 .debug_aranges
                0x0000000000000480       0x30 vmm/guest/obj/kern/lapic.o
 .debug_aranges
                0x00000000000004b0       0x30 vmm/guest/obj/kern/spinlock.o
 .debug_aranges
                0x00000000000004e0       0x30 vmm/guest/obj/kern/e1000.o
 .debug_aranges
                0x0000000000000510       0x30 vmm/guest/obj/kern/pci.o
 .debug_aranges
                0x0000000000000540       0x30 vmm/guest/obj/kern/time.o
 .debug_aranges
                0x0000000000000570       0x30 vmm/guest/obj/vmm/ept.o
 .debug_aranges
                0x00000000000005a0       0x30 vmm/guest/obj/vmm/vmx.o
 .debug_aranges
                0x00000000000005d0       0x30 vmm/guest/obj/vmm/vmexits.o

.debug_pubnames
 *(.debug_pubnames)

.debug_info     0x0000000000000000    0x1774d
 *(.debug_info .gnu.linkonce.wi.*)
 .debug_info    0x0000000000000000       0x72 vmm/guest/obj/kern/bootstrap.o
 .debug_info    0x0000000000000072       0x6e vmm/guest/obj/kern/entry.o
 .debug_info    0x00000000000000e0      0xbb4 vmm/guest/obj/kern/init.o
 .debug_info    0x0000000000000c94      0xcac vmm/guest/obj/kern/console.o
 .debug_info    0x0000000000001940      0x8d2 vmm/guest/obj/kern/monitor.o
 .debug_info    0x0000000000002212     0x2403 vmm/guest/obj/kern/pmap.o
 .debug_info    0x0000000000004615     0x1541 vmm/guest/obj/kern/env.o
 .debug_info    0x0000000000005b56      0x1ee vmm/guest/obj/kern/kclock.o
 .debug_info    0x0000000000005d44      0x483 vmm/guest/obj/kern/picirq.o
 .debug_info    0x00000000000061c7      0x1d8 vmm/guest/obj/kern/printf.o
 .debug_info    0x000000000000639f     0x12cf vmm/guest/obj/kern/trap.o
 .debug_info    0x000000000000766e       0x72 vmm/guest/obj/kern/trapentry.o
 .debug_info    0x00000000000076e0      0x8f0 vmm/guest/obj/kern/sched.o
 .debug_info    0x0000000000007fd0     0x1171 vmm/guest/obj/kern/syscall.o
 .debug_info    0x0000000000009141     0x1578 vmm/guest/obj/kern/kdebug.o
 .debug_info    0x000000000000a6b9      0x5e9 vmm/guest/obj/kern/printfmt.o
 .debug_info    0x000000000000aca2      0x16d vmm/guest/obj/kern/readline.o
 .debug_info    0x000000000000ae0f      0x69a vmm/guest/obj/kern/string.o
 .debug_info    0x000000000000b4a9     0x142d vmm/guest/obj/kern/libdwarf_rw.o
 .debug_info    0x000000000000c8d6     0x109a vmm/guest/obj/kern/libdwarf_frame.o
 .debug_info    0x000000000000d970      0xdef vmm/guest/obj/kern/libdwarf_lineno.o
 .debug_info    0x000000000000e75f      0x96e vmm/guest/obj/kern/elf_rw.o
 .debug_info    0x000000000000f0cd       0x70 vmm/guest/obj/kern/mpentry.o
 .debug_info    0x000000000000f13d      0xce9 vmm/guest/obj/kern/mpconfig.o
 .debug_info    0x000000000000fe26      0x90e vmm/guest/obj/kern/lapic.o
 .debug_info    0x0000000000010734      0xa6c vmm/guest/obj/kern/spinlock.o
 .debug_info    0x00000000000111a0      0x59c vmm/guest/obj/kern/e1000.o
 .debug_info    0x000000000001173c      0x70a vmm/guest/obj/kern/pci.o
 .debug_info    0x0000000000011e46       0xaf vmm/guest/obj/kern/time.o
 .debug_info    0x0000000000011ef5      0x825 vmm/guest/obj/vmm/ept.o
 .debug_info    0x000000000001271a     0x35d4 vmm/guest/obj/vmm/vmx.o
 .debug_info    0x0000000000015cee     0x1a5f vmm/guest/obj/vmm/vmexits.o

.debug_abbrev   0x0000000000000000     0x387a
 *(.debug_abbrev)
 .debug_abbrev  0x0000000000000000       0x14 vmm/guest/obj/kern/bootstrap.o
 .debug_abbrev  0x0000000000000014       0x14 vmm/guest/obj/kern/entry.o
 .debug_abbrev  0x0000000000000028      0x287 vmm/guest/obj/kern/init.o
 .debug_abbrev  0x00000000000002af      0x2c8 vmm/guest/obj/kern/console.o
 .debug_abbrev  0x0000000000000577      0x1f6 vmm/guest/obj/kern/monitor.o
 .debug_abbrev  0x000000000000076d      0x2f6 vmm/guest/obj/kern/pmap.o
 .debug_abbrev  0x0000000000000a63      0x33f vmm/guest/obj/kern/env.o
 .debug_abbrev  0x0000000000000da2      0x102 vmm/guest/obj/kern/kclock.o
 .debug_abbrev  0x0000000000000ea4       0xf0 vmm/guest/obj/kern/picirq.o
 .debug_abbrev  0x0000000000000f94       0xdb vmm/guest/obj/kern/printf.o
 .debug_abbrev  0x000000000000106f      0x322 vmm/guest/obj/kern/trap.o
 .debug_abbrev  0x0000000000001391       0x14 vmm/guest/obj/kern/trapentry.o
 .debug_abbrev  0x00000000000013a5      0x1c8 vmm/guest/obj/kern/sched.o
 .debug_abbrev  0x000000000000156d      0x27e vmm/guest/obj/kern/syscall.o
 .debug_abbrev  0x00000000000017eb      0x268 vmm/guest/obj/kern/kdebug.o
 .debug_abbrev  0x0000000000001a53      0x1f3 vmm/guest/obj/kern/printfmt.o
 .debug_abbrev  0x0000000000001c46       0xad vmm/guest/obj/kern/readline.o
 .debug_abbrev  0x0000000000001cf3      0x11c vmm/guest/obj/kern/string.o
 .debug_abbrev  0x0000000000001e0f      0x1fa vmm/guest/obj/kern/libdwarf_rw.o
 .debug_abbrev  0x0000000000002009      0x22c vmm/guest/obj/kern/libdwarf_frame.o
 .debug_abbrev  0x0000000000002235      0x225 vmm/guest/obj/kern/libdwarf_lineno.o
 .debug_abbrev  0x000000000000245a      0x1e2 vmm/guest/obj/kern/elf_rw.o
 .debug_abbrev  0x000000000000263c       0x14 vmm/guest/obj/kern/mpentry.o
 .debug_abbrev  0x0000000000002650      0x232 vmm/guest/obj/kern/mpconfig.o
 .debug_abbrev  0x0000000000002882      0x1d7 vmm/guest/obj/kern/lapic.o
 .debug_abbrev  0x0000000000002a59      0x241 vmm/guest/obj/kern/spinlock.o
 .debug_abbrev  0x0000000000002c9a      0x12b vmm/guest/obj/kern/e1000.o
 .debug_abbrev  0x0000000000002dc5      0x1c4 vmm/guest/obj/kern/pci.o
 .debug_abbrev  0x0000000000002f89       0x78 vmm/guest/obj/kern/time.o
 .debug_abbrev  0x0000000000003001      0x196 vmm/guest/obj/vmm/ept.o
 .debug_abbrev  0x0000000000003197      0x3cc vmm/guest/obj/vmm/vmx.o
 .debug_abbrev  0x0000000000003563      0x317 vmm/guest/obj/vmm/vmexits.o

.debug_line     0x0000000000000000     0x53c9
 *(.debug_line)
 .debug_line    0x0000000000000000       0x9a vmm/guest/obj/kern/bootstrap.o
 .debug_line    0x000000000000009a       0x51 vmm/guest/obj/kern/entry.o
 .debug_line    0x00000000000000eb      0x19d vmm/guest/obj/kern/init.o
 .debug_line    0x0000000000000288      0x2aa vmm/guest/obj/kern/console.o
 .debug_line    0x0000000000000532      0x1b1 vmm/guest/obj/kern/monitor.o
 .debug_line    0x00000000000006e3      0xef6 vmm/guest/obj/kern/pmap.o
 .debug_line    0x00000000000015d9      0x4a6 vmm/guest/obj/kern/env.o
 .debug_line    0x0000000000001a7f       0x86 vmm/guest/obj/kern/kclock.o
 .debug_line    0x0000000000001b05       0xb0 vmm/guest/obj/kern/picirq.o
 .debug_line    0x0000000000001bb5       0x7c vmm/guest/obj/kern/printf.o
 .debug_line    0x0000000000001c31      0x31b vmm/guest/obj/kern/trap.o
 .debug_line    0x0000000000001f4c       0x75 vmm/guest/obj/kern/trapentry.o
 .debug_line    0x0000000000001fc1      0x176 vmm/guest/obj/kern/sched.o
 .debug_line    0x0000000000002137      0x33e vmm/guest/obj/kern/syscall.o
 .debug_line    0x0000000000002475      0x1e8 vmm/guest/obj/kern/kdebug.o
 .debug_line    0x000000000000265d      0x2a6 vmm/guest/obj/kern/printfmt.o
 .debug_line    0x0000000000002903       0x8e vmm/guest/obj/kern/readline.o
 .debug_line    0x0000000000002991      0x1e9 vmm/guest/obj/kern/string.o
 .debug_line    0x0000000000002b7a      0x468 vmm/guest/obj/kern/libdwarf_rw.o
 .debug_line    0x0000000000002fe2      0x511 vmm/guest/obj/kern/libdwarf_frame.o
 .debug_line    0x00000000000034f3      0x1f7 vmm/guest/obj/kern/libdwarf_lineno.o
 .debug_line    0x00000000000036ea      0x22d vmm/guest/obj/kern/elf_rw.o
 .debug_line    0x0000000000003917       0x74 vmm/guest/obj/kern/mpentry.o
 .debug_line    0x000000000000398b      0x1fc vmm/guest/obj/kern/mpconfig.o
 .debug_line    0x0000000000003b87      0x16b vmm/guest/obj/kern/lapic.o
 .debug_line    0x0000000000003cf2      0x17c vmm/guest/obj/kern/spinlock.o
 .debug_line    0x0000000000003e6e      0x16f vmm/guest/obj/kern/e1000.o
 .debug_line    0x0000000000003fdd      0x1f4 vmm/guest/obj/kern/pci.o
 .debug_line    0x00000000000041d1       0x4d vmm/guest/obj/kern/time.o
 .debug_line    0x000000000000421e      0x1fa vmm/guest/obj/vmm/ept.o
 .debug_line    0x0000000000004418      0xa6f vmm/guest/obj/vmm/vmx.o
 .debug_line    0x0000000000004e87      0x542 vmm/guest/obj/vmm/vmexits.o

.debug_frame
 *(.debug_frame)

.debug_str      0x0000000000000000     0x3553
 *(.debug_str)
 .debug_str     0x0000000000000000      0x639 vmm/guest/obj/kern/init.o
                                        0x6ef (size before relaxing)
 .debug_str     0x0000000000000639      0x149 vmm/guest/obj/kern/console.o
                                        0x2d3 (size before relaxing)
 .debug_str     0x0000000000000782      0x171 vmm/guest/obj/kern/monitor.o
                                        0x46d (size before relaxing)
 .debug_str     0x00000000000008f3      0x54c vmm/guest/obj/kern/pmap.o
                                        0xb70 (size before relaxing)
 .debug_str     0x0000000000000e3f      0x349 vmm/guest/obj/kern/env.o
                                        0xa7d (size before relaxing)
 .debug_str     0x0000000000001188       0x31 vmm/guest/obj/kern/kclock.o
                                        0x190 (size before relaxing)
 .debug_str     0x00000000000011b9       0x35 vmm/guest/obj/kern/picirq.o
                                        0x1c3 (size before relaxing)
 .debug_str     0x00000000000011ee       0x59 vmm/guest/obj/kern/printf.o
                                        0x1c5 (size before relaxing)
 .debug_str     0x0000000000001247      0x282 vmm/guest/obj/kern/trap.o
                                        0x94f (size before relaxing)
 .debug_str     0x00000000000014c9       0x29 vmm/guest/obj/kern/sched.o
                                        0x653 (size before relaxing)
 .debug_str     0x00000000000014f2      0x363 vmm/guest/obj/kern/syscall.o
                                        0xa7d (size before relaxing)
 .debug_str     0x0000000000001855      0x905 vmm/guest/obj/kern/kdebug.o
                                       0x1038 (size before relaxing)
 .debug_str     0x000000000000215a       0x93 vmm/guest/obj/kern/printfmt.o
                                        0x365 (size before relaxing)
 .debug_str     0x00000000000021ed       0x27 vmm/guest/obj/kern/readline.o
                                        0x201 (size before relaxing)
 .debug_str     0x0000000000002214       0x9e vmm/guest/obj/kern/string.o
                                        0x21e (size before relaxing)
 .debug_str     0x00000000000022b2      0x25c vmm/guest/obj/kern/libdwarf_rw.o
                                        0xc14 (size before relaxing)
 .debug_str     0x000000000000250e      0x2dd vmm/guest/obj/kern/libdwarf_frame.o
                                        0xb6d (size before relaxing)
 .debug_str     0x00000000000027eb      0x1bd vmm/guest/obj/kern/libdwarf_lineno.o
                                        0xbbb (size before relaxing)
 .debug_str     0x00000000000029a8      0x144 vmm/guest/obj/kern/elf_rw.o
                                        0x478 (size before relaxing)
 .debug_str     0x0000000000002aec       0xbe vmm/guest/obj/kern/mpconfig.o
                                        0x6c0 (size before relaxing)
 .debug_str     0x0000000000002baa       0x52 vmm/guest/obj/kern/lapic.o
                                        0x60a (size before relaxing)
 .debug_str     0x0000000000002bfc       0x4d vmm/guest/obj/kern/spinlock.o
                                        0x6d4 (size before relaxing)
 .debug_str     0x0000000000002c49       0xd6 vmm/guest/obj/kern/e1000.o
                                        0x391 (size before relaxing)
 .debug_str     0x0000000000002d1f      0x16f vmm/guest/obj/kern/pci.o
                                        0x363 (size before relaxing)
 .debug_str     0x0000000000002e8e       0x26 vmm/guest/obj/kern/time.o
                                        0x11f (size before relaxing)
 .debug_str     0x0000000000002eb4       0xfa vmm/guest/obj/vmm/ept.o
                                        0x45e (size before relaxing)
 .debug_str     0x0000000000002fae      0x406 vmm/guest/obj/vmm/vmx.o
                                        0xbc1 (size before relaxing)
 .debug_str     0x00000000000033b4      0x19f vmm/guest/obj/vmm/vmexits.o
                                        0xbb2 (size before relaxing)

.debug_loc      0x0000000000000000     0x7184
 *(.debug_loc)
 .debug_loc     0x0000000000000000      0x2c4 vmm/guest/obj/kern/init.o
 .debug_loc     0x00000000000002c4      0x6c0 vmm/guest/obj/kern/console.o
 .debug_loc     0x0000000000000984      0x240 vmm/guest/obj/kern/monitor.o
 .debug_loc     0x0000000000000bc4      0xc00 vmm/guest/obj/kern/pmap.o
 .debug_loc     0x00000000000017c4      0x6f8 vmm/guest/obj/kern/env.o
 .debug_loc     0x0000000000001ebc       0xc0 vmm/guest/obj/kern/kclock.o
 .debug_loc     0x0000000000001f7c      0x120 vmm/guest/obj/kern/picirq.o
 .debug_loc     0x000000000000209c      0x120 vmm/guest/obj/kern/printf.o
 .debug_loc     0x00000000000021bc      0x398 vmm/guest/obj/kern/trap.o
 .debug_loc     0x0000000000002554      0x180 vmm/guest/obj/kern/sched.o
 .debug_loc     0x00000000000026d4      0xa58 vmm/guest/obj/kern/syscall.o
 .debug_loc     0x000000000000312c       0xc0 vmm/guest/obj/kern/kdebug.o
 .debug_loc     0x00000000000031ec      0x300 vmm/guest/obj/kern/printfmt.o
 .debug_loc     0x00000000000034ec       0x60 vmm/guest/obj/kern/readline.o
 .debug_loc     0x000000000000354c      0x660 vmm/guest/obj/kern/string.o
 .debug_loc     0x0000000000003bac      0x900 vmm/guest/obj/kern/libdwarf_rw.o
 .debug_loc     0x00000000000044ac      0x540 vmm/guest/obj/kern/libdwarf_frame.o
 .debug_loc     0x00000000000049ec      0x180 vmm/guest/obj/kern/libdwarf_lineno.o
 .debug_loc     0x0000000000004b6c      0x240 vmm/guest/obj/kern/elf_rw.o
 .debug_loc     0x0000000000004dac      0x1e0 vmm/guest/obj/kern/mpconfig.o
 .debug_loc     0x0000000000004f8c      0x2a0 vmm/guest/obj/kern/lapic.o
 .debug_loc     0x000000000000522c      0x240 vmm/guest/obj/kern/spinlock.o
 .debug_loc     0x000000000000546c      0x120 vmm/guest/obj/kern/e1000.o
 .debug_loc     0x000000000000558c      0x3c0 vmm/guest/obj/kern/pci.o
 .debug_loc     0x000000000000594c      0x120 vmm/guest/obj/kern/time.o
 .debug_loc     0x0000000000005a6c      0x4e0 vmm/guest/obj/vmm/ept.o
 .debug_loc     0x0000000000005f4c      0xa6c vmm/guest/obj/vmm/vmx.o
 .debug_loc     0x00000000000069b8      0x7cc vmm/guest/obj/vmm/vmexits.o

.comment        0x0000000000000000       0x35
 .comment       0x0000000000000000       0x35 vmm/guest/obj/kern/init.o
                                         0x36 (size before relaxing)
 .comment       0x0000000000000035       0x36 vmm/guest/obj/kern/console.o
 .comment       0x0000000000000035       0x36 vmm/guest/obj/kern/monitor.o
 .comment       0x0000000000000035       0x36 vmm/guest/obj/kern/pmap.o
 .comment       0x0000000000000035       0x36 vmm/guest/obj/kern/env.o
 .comment       0x0000000000000035       0x36 vmm/guest/obj/kern/kclock.o
 .comment       0x0000000000000035       0x36 vmm/guest/obj/kern/picirq.o
 .comment       0x0000000000000035       0x36 vmm/guest/obj/kern/printf.o
 .comment       0x0000000000000035       0x36 vmm/guest/obj/kern/trap.o
 .comment       0x0000000000000035       0x36 vmm/guest/obj/kern/sched.o
 .comment       0x0000000000000035       0x36 vmm/guest/obj/kern/syscall.o
 .comment       0x0000000000000035       0x36 vmm/guest/obj/kern/kdebug.o
 .comment       0x0000000000000035       0x36 vmm/guest/obj/kern/printfmt.o
 .comment       0x0000000000000035       0x36 vmm/guest/obj/kern/readline.o
 .comment       0x0000000000000035       0x36 vmm/guest/obj/kern/string.o
 .comment       0x0000000000000035       0x36 vmm/guest/obj/kern/libdwarf_rw.o
 .comment       0x0000000000000035       0x36 vmm/guest/obj/kern/libdwarf_frame.o
 .comment       0x0000000000000035       0x36 vmm/guest/obj/kern/libdwarf_lineno.o
 .comment       0x0000000000000035       0x36 vmm/guest/obj/kern/elf_rw.o
 .comment       0x0000000000000035       0x36 vmm/guest/obj/kern/mpconfig.o
 .comment       0x0000000000000035       0x36 vmm/guest/obj/kern/lapic.o
 .comment       0x0000000000000035       0x36 vmm/guest/obj/kern/spinlock.o
 .comment       0x0000000000000035       0x36 vmm/guest/obj/kern/e1000.o
 .comment       0x0000000000000035       0x36 vmm/guest/obj/kern/pci.o
 .comment       0x0000000000000035       0x36 vmm/guest/obj/kern/time.o
 .comment       0x0000000000000035       0x36 vmm/guest/obj/vmm/ept.o
 .comment       0x0000000000000035       0x36 vmm/guest/obj/vmm/vmx.o
 .comment       0x0000000000000035       0x36 vmm/guest/obj/vmm/vmexits.o

.debug_macinfo
 *(.debug_macinfo)

.debug_weaknames
 *(.debug_weaknames)

.debug_funcnames
 *(.debug_funcnames)

.debug_typenames
 *(.debug_typenames)

.debug_varnames
 *(.debug_varnames)

/DISCARD/
 *(.eh_frame .note.GNU-stack)
LOAD vmm/guest/obj/kern/entry.o
LOAD vmm/guest/obj/kern/bootstrap.o
LOAD vmm/guest/obj/kern/init.o
LOAD vmm/guest/obj/kern/console.o
LOAD vmm/guest/obj/kern/monitor.o
LOAD vmm/guest/obj/kern/pmap.o
LOAD vmm/guest/obj/kern/env.o
LOAD vmm/guest/obj/kern/kclock.o
LOAD vmm/guest/obj/kern/picirq.o
LOAD vmm/guest/obj/kern/printf.o
LOAD vmm/guest/obj/kern/trap.o
LOAD vmm/guest/obj/kern/trapentry.o
LOAD vmm/guest/obj/kern/sched.o
LOAD vmm/guest/obj/kern/syscall.o
LOAD vmm/guest/obj/kern/kdebug.o
LOAD vmm/guest/obj/kern/printfmt.o
LOAD vmm/guest/obj/kern/readline.o
LOAD vmm/guest/obj/kern/string.o
LOAD vmm/guest/obj/kern/libdwarf_rw.o
LOAD vmm/guest/obj/kern/libdwarf_frame.o
LOAD vmm/guest/obj/kern/libdwarf_lineno.o
LOAD vmm/guest/obj/kern/elf_rw.o
LOAD vmm/guest/obj/kern/mpentry.o
LOAD vmm/guest/obj/kern/mpconfig.o
LOAD vmm/guest/obj/kern/lapic.o
LOAD vmm/guest/obj/kern/spinlock.o
LOAD vmm/guest/obj/kern/e1000.o
LOAD vmm/guest/obj/kern/pci.o
LOAD vmm/guest/obj/kern/time.o
LOAD vmm/guest/obj/vmm/ept.o
LOAD vmm/guest/obj/vmm/vmx.o
LOAD vmm/guest/obj/vmm/vmexits.o
LOAD /usr/lib/gcc/x86_64-linux-gnu/5/libgcc.a
TARGET(binary)
LOAD vmm/guest/obj/user/hello
LOAD vmm/guest/obj/user/idle
LOAD vmm/guest/obj/user/testfile
LOAD vmm/guest/obj/user/writemotd
LOAD vmm/guest/obj/user/spawnhello
LOAD vmm/guest/obj/user/icode
LOAD vmm/guest/obj/fs/fs
LOAD vmm/guest/obj/user/testtime
LOAD vmm/guest/obj/user/httpd
LOAD vmm/guest/obj/user/echosrv
LOAD vmm/guest/obj/user/echotest
LOAD vmm/guest/obj/net/testoutput
LOAD vmm/guest/obj/net/testinput
LOAD vmm/guest/obj/net/ns
LOAD vmm/guest/obj/user/testpteshare
LOAD vmm/guest/obj/user/testfdsharing
LOAD vmm/guest/obj/user/testpipe
LOAD vmm/guest/obj/user/testpiperace
LOAD vmm/guest/obj/user/testpiperace2
LOAD vmm/guest/obj/user/primespipe
LOAD vmm/guest/obj/user/testkbd
LOAD vmm/guest/obj/user/testshell
LOAD vmm/guest/obj/user/vmm
LOAD vmm/guest/obj/user/sh
OUTPUT(vmm/guest/obj/kern/kernel elf64-x86-64)

.debug_ranges   0x0000000000000000       0x60
 .debug_ranges  0x0000000000000000       0x30 vmm/guest/obj/kern/monitor.o
 .debug_ranges  0x0000000000000030       0x30 vmm/guest/obj/kern/string.o
